Archive member included to satisfy reference by file (symbol)

c:/program files (x86)/gnu tools arm embedded/5.3 2016q1/bin/../lib/gcc/arm-none-eabi/5.3.1/../../../../arm-none-eabi/lib/armv7e-m/softfp\libc.a(lib_a-exit.o)
                              c:/program files (x86)/gnu tools arm embedded/5.3 2016q1/bin/../lib/gcc/arm-none-eabi/5.3.1/../../../../arm-none-eabi/lib/armv7e-m/softfp/crt0.o (exit)
c:/program files (x86)/gnu tools arm embedded/5.3 2016q1/bin/../lib/gcc/arm-none-eabi/5.3.1/../../../../arm-none-eabi/lib/armv7e-m/softfp\libc.a(lib_a-impure.o)
                              c:/program files (x86)/gnu tools arm embedded/5.3 2016q1/bin/../lib/gcc/arm-none-eabi/5.3.1/../../../../arm-none-eabi/lib/armv7e-m/softfp\libc.a(lib_a-exit.o) (_global_impure_ptr)
c:/program files (x86)/gnu tools arm embedded/5.3 2016q1/bin/../lib/gcc/arm-none-eabi/5.3.1/../../../../arm-none-eabi/lib/armv7e-m/softfp\libc.a(lib_a-init.o)
                              c:/program files (x86)/gnu tools arm embedded/5.3 2016q1/bin/../lib/gcc/arm-none-eabi/5.3.1/../../../../arm-none-eabi/lib/armv7e-m/softfp/crt0.o (__libc_init_array)
c:/program files (x86)/gnu tools arm embedded/5.3 2016q1/bin/../lib/gcc/arm-none-eabi/5.3.1/../../../../arm-none-eabi/lib/armv7e-m/softfp\libc.a(lib_a-memset.o)
                              c:/program files (x86)/gnu tools arm embedded/5.3 2016q1/bin/../lib/gcc/arm-none-eabi/5.3.1/../../../../arm-none-eabi/lib/armv7e-m/softfp/crt0.o (memset)
c:/program files (x86)/gnu tools arm embedded/5.3 2016q1/bin/../lib/gcc/arm-none-eabi/5.3.1/../../../../arm-none-eabi/lib/armv7e-m/softfp\libc.a(lib_a-__call_atexit.o)
                              c:/program files (x86)/gnu tools arm embedded/5.3 2016q1/bin/../lib/gcc/arm-none-eabi/5.3.1/../../../../arm-none-eabi/lib/armv7e-m/softfp\libc.a(lib_a-exit.o) (__call_exitprocs)
c:/program files (x86)/gnu tools arm embedded/5.3 2016q1/bin/../lib/gcc/arm-none-eabi/5.3.1/../../../../arm-none-eabi/lib/armv7e-m/softfp\libc.a(lib_a-atexit.o)
                              c:/program files (x86)/gnu tools arm embedded/5.3 2016q1/bin/../lib/gcc/arm-none-eabi/5.3.1/../../../../arm-none-eabi/lib/armv7e-m/softfp\libc.a(lib_a-__call_atexit.o) (atexit)
c:/program files (x86)/gnu tools arm embedded/5.3 2016q1/bin/../lib/gcc/arm-none-eabi/5.3.1/../../../../arm-none-eabi/lib/armv7e-m/softfp\libc.a(lib_a-fini.o)
                              c:/program files (x86)/gnu tools arm embedded/5.3 2016q1/bin/../lib/gcc/arm-none-eabi/5.3.1/../../../../arm-none-eabi/lib/armv7e-m/softfp\libc.a(lib_a-__call_atexit.o) (__libc_fini_array)
c:/program files (x86)/gnu tools arm embedded/5.3 2016q1/bin/../lib/gcc/arm-none-eabi/5.3.1/../../../../arm-none-eabi/lib/armv7e-m/softfp\libc.a(lib_a-__atexit.o)
                              c:/program files (x86)/gnu tools arm embedded/5.3 2016q1/bin/../lib/gcc/arm-none-eabi/5.3.1/../../../../arm-none-eabi/lib/armv7e-m/softfp\libc.a(lib_a-atexit.o) (__register_exitproc)
c:/program files (x86)/gnu tools arm embedded/5.3 2016q1/bin/../lib/gcc/arm-none-eabi/5.3.1/armv7e-m/softfp\libgcc.a(_arm_addsubdf3.o)
                              motor.o (__aeabi_dadd)
c:/program files (x86)/gnu tools arm embedded/5.3 2016q1/bin/../lib/gcc/arm-none-eabi/5.3.1/armv7e-m/softfp\libgcc.a(_arm_muldivdf3.o)
                              motor.o (__aeabi_dmul)
c:/program files (x86)/gnu tools arm embedded/5.3 2016q1/bin/../lib/gcc/arm-none-eabi/5.3.1/armv7e-m/softfp\libgcc.a(_arm_fixdfsi.o)
                              motor.o (__aeabi_d2iz)
c:/program files (x86)/gnu tools arm embedded/5.3 2016q1/bin/../lib/gcc/arm-none-eabi/5.3.1/../../../../arm-none-eabi/lib/armv7e-m/softfp\libnosys.a(_exit.o)
                              c:/program files (x86)/gnu tools arm embedded/5.3 2016q1/bin/../lib/gcc/arm-none-eabi/5.3.1/../../../../arm-none-eabi/lib/armv7e-m/softfp\libc.a(lib_a-exit.o) (_exit)

Discarded input sections

 .text          0x00000000        0x0 c:/program files (x86)/gnu tools arm embedded/5.3 2016q1/bin/../lib/gcc/arm-none-eabi/5.3.1/armv7e-m/softfp/crti.o
 .data          0x00000000        0x0 c:/program files (x86)/gnu tools arm embedded/5.3 2016q1/bin/../lib/gcc/arm-none-eabi/5.3.1/armv7e-m/softfp/crti.o
 .bss           0x00000000        0x0 c:/program files (x86)/gnu tools arm embedded/5.3 2016q1/bin/../lib/gcc/arm-none-eabi/5.3.1/armv7e-m/softfp/crti.o
 .data          0x00000000        0x4 c:/program files (x86)/gnu tools arm embedded/5.3 2016q1/bin/../lib/gcc/arm-none-eabi/5.3.1/armv7e-m/softfp/crtbegin.o
 .text          0x00000000       0x74 c:/program files (x86)/gnu tools arm embedded/5.3 2016q1/bin/../lib/gcc/arm-none-eabi/5.3.1/../../../../arm-none-eabi/lib/armv7e-m/softfp/crt0.o
 .data          0x00000000        0x0 c:/program files (x86)/gnu tools arm embedded/5.3 2016q1/bin/../lib/gcc/arm-none-eabi/5.3.1/../../../../arm-none-eabi/lib/armv7e-m/softfp/crt0.o
[...]
Memory Configuration

Name             Origin             Length             Attributes
FLASH            0x08000000         0x00080000         xr
CCM              0x10000000         0x00004000         xrw
RAM              0x20000194         0x0000fe6c         xrw
*default*        0x00000000         0xffffffff

Linker script and memory map

LOAD c:/program files (x86)/gnu tools arm embedded/5.3 2016q1/bin/../lib/gcc/arm-none-eabi/5.3.1/armv7e-m/softfp/crti.o
LOAD c:/program files (x86)/gnu tools arm embedded/5.3 2016q1/bin/../lib/gcc/arm-none-eabi/5.3.1/armv7e-m/softfp/crtbegin.o
LOAD c:/program files (x86)/gnu tools arm embedded/5.3 2016q1/bin/../lib/gcc/arm-none-eabi/5.3.1/../../../../arm-none-eabi/lib/armv7e-m/softfp/crt0.o
LOAD init.o
LOAD interrupt.o
LOAD motor.o
LOAD main.o
LOAD startup_stm32f30x.o
LOAD system_stm32f30x.o
LOAD retarget.o
LOAD ../../Libraries/STM32F30x_StdPeriph_Driver/src/stm32f30x_adc.o
LOAD ../../Libraries/STM32F30x_StdPeriph_Driver/src/stm32f30x_can.o
LOAD ../../Libraries/STM32F30x_StdPeriph_Driver/src/stm32f30x_comp.o
LOAD ../../Libraries/STM32F30x_StdPeriph_Driver/src/stm32f30x_crc.o
LOAD ../../Libraries/STM32F30x_StdPeriph_Driver/src/stm32f30x_dac.o
LOAD ../../Libraries/STM32F30x_StdPeriph_Driver/src/stm32f30x_dbgmcu.o
LOAD ../../Libraries/STM32F30x_StdPeriph_Driver/src/stm32f30x_dma.o
LOAD ../../Libraries/STM32F30x_StdPeriph_Driver/src/stm32f30x_exti.o
LOAD ../../Libraries/STM32F30x_StdPeriph_Driver/src/stm32f30x_flash.o
LOAD ../../Libraries/STM32F30x_StdPeriph_Driver/src/stm32f30x_gpio.o
LOAD ../../Libraries/STM32F30x_StdPeriph_Driver/src/stm32f30x_hrtim.o
LOAD ../../Libraries/STM32F30x_StdPeriph_Driver/src/stm32f30x_i2c.o
LOAD ../../Libraries/STM32F30x_StdPeriph_Driver/src/stm32f30x_iwdg.o
LOAD ../../Libraries/STM32F30x_StdPeriph_Driver/src/stm32f30x_misc.o
LOAD ../../Libraries/STM32F30x_StdPeriph_Driver/src/stm32f30x_opamp.o
LOAD ../../Libraries/STM32F30x_StdPeriph_Driver/src/stm32f30x_pwr.o
LOAD ../../Libraries/STM32F30x_StdPeriph_Driver/src/stm32f30x_rcc.o
LOAD ../../Libraries/STM32F30x_StdPeriph_Driver/src/stm32f30x_rtc.o
LOAD ../../Libraries/STM32F30x_StdPeriph_Driver/src/stm32f30x_spi.o
LOAD ../../Libraries/STM32F30x_StdPeriph_Driver/src/stm32f30x_syscfg.o
LOAD ../../Libraries/STM32F30x_StdPeriph_Driver/src/stm32f30x_tim.o
LOAD ../../Libraries/STM32F30x_StdPeriph_Driver/src/stm32f30x_usart.o
LOAD ../../Libraries/STM32F30x_StdPeriph_Driver/src/stm32f30x_wwdg.o
LOAD c:/program files (x86)/gnu tools arm embedded/5.3 2016q1/bin/../lib/gcc/arm-none-eabi/5.3.1/../../../../arm-none-eabi/lib/armv7e-m/softfp\libstdc++.a
LOAD c:/program files (x86)/gnu tools arm embedded/5.3 2016q1/bin/../lib/gcc/arm-none-eabi/5.3.1/../../../../arm-none-eabi/lib/armv7e-m/softfp\libsupc++.a
LOAD c:/program files (x86)/gnu tools arm embedded/5.3 2016q1/bin/../lib/gcc/arm-none-eabi/5.3.1/../../../../arm-none-eabi/lib/armv7e-m/softfp\libm.a
LOAD c:/program files (x86)/gnu tools arm embedded/5.3 2016q1/bin/../lib/gcc/arm-none-eabi/5.3.1/../../../../arm-none-eabi/lib/armv7e-m/softfp\libc.a
LOAD c:/program files (x86)/gnu tools arm embedded/5.3 2016q1/bin/../lib/gcc/arm-none-eabi/5.3.1/armv7e-m/softfp\libgcc.a
LOAD c:/program files (x86)/gnu tools arm embedded/5.3 2016q1/bin/../lib/gcc/arm-none-eabi/5.3.1/../../../../arm-none-eabi/lib/armv7e-m/softfp\libnosys.a
LOAD c:/program files (x86)/gnu tools arm embedded/5.3 2016q1/bin/../lib/gcc/arm-none-eabi/5.3.1/../../../../arm-none-eabi/lib/armv7e-m/softfp\libstdc++.a
LOAD c:/program files (x86)/gnu tools arm embedded/5.3 2016q1/bin/../lib/gcc/arm-none-eabi/5.3.1/../../../../arm-none-eabi/lib/armv7e-m/softfp\libsupc++.a
LOAD c:/program files (x86)/gnu tools arm embedded/5.3 2016q1/bin/../lib/gcc/arm-none-eabi/5.3.1/../../../../arm-none-eabi/lib/armv7e-m/softfp\libm.a
LOAD c:/program files (x86)/gnu tools arm embedded/5.3 2016q1/bin/../lib/gcc/arm-none-eabi/5.3.1/../../../../arm-none-eabi/lib/armv7e-m/softfp\libc.a
LOAD c:/program files (x86)/gnu tools arm embedded/5.3 2016q1/bin/../lib/gcc/arm-none-eabi/5.3.1/armv7e-m/softfp\libgcc.a
LOAD c:/program files (x86)/gnu tools arm embedded/5.3 2016q1/bin/../lib/gcc/arm-none-eabi/5.3.1/../../../../arm-none-eabi/lib/armv7e-m/softfp\libnosys.a
START GROUP
LOAD c:/program files (x86)/gnu tools arm embedded/5.3 2016q1/bin/../lib/gcc/arm-none-eabi/5.3.1/armv7e-m/softfp\libgcc.a
LOAD c:/program files (x86)/gnu tools arm embedded/5.3 2016q1/bin/../lib/gcc/arm-none-eabi/5.3.1/../../../../arm-none-eabi/lib/armv7e-m/softfp\libc.a
END GROUP
LOAD c:/program files (x86)/gnu tools arm embedded/5.3 2016q1/bin/../lib/gcc/arm-none-eabi/5.3.1/armv7e-m/softfp/crtend.o
LOAD c:/program files (x86)/gnu tools arm embedded/5.3 2016q1/bin/../lib/gcc/arm-none-eabi/5.3.1/armv7e-m/softfp/crtn.o

.text           0x08000000     0x127c
 *(.isr_vector)
 .isr_vector    0x08000000      0x188 startup_stm32f30x.o
                0x08000000                g_pfnVectors
 *(.text*)
 .text          0x08000188       0x5c c:/program files (x86)/gnu tools arm embedded/5.3 2016q1/bin/../lib/gcc/arm-none-eabi/5.3.1/armv7e-m/softfp/crtbegin.o
 .text._Z13GPIO_Pin_InitP12GPIO_TypeDefm16GPIOMode_TypeDef17GPIOSpeed_TypeDef17GPIOOType_TypeDef16GPIOPuPd_TypeDef
                0x080001e4       0x28 init.o
                0x080001e4                GPIO_Pin_Init(GPIO_TypeDef*, unsigned long, GPIOMode_TypeDef, GPIOSpeed_TypeDef, GPIOOType_TypeDef, GPIOPuPd_TypeDef)
 .text._ZN14PeripheralInit8InitGPIOEv
                0x0800020c      0x10c init.o
                0x0800020c                PeripheralInit::InitGPIO()
 .text._ZN14PeripheralInit8InitEXTIEv
                0x08000318       0x4e init.o
                0x08000318                PeripheralInit::InitEXTI()
 .text._ZN14PeripheralInit8InitNVICEv
                0x08000366       0x24 init.o
                0x08000366                PeripheralInit::InitNVIC()
 *fill*         0x0800038a        0x2 
 .text._ZN14PeripheralInit8InitTIM1Ev
                0x0800038c       0xa4 init.o
                0x0800038c                PeripheralInit::InitTIM1()
 .text._ZN14PeripheralInit10InitUSART2Ev
                0x08000430       0x7c init.o
                0x08000430                PeripheralInit::InitUSART2()
 .text.NMI_Handler
                0x080004ac        0x2 interrupt.o
                0x080004ac                NMI_Handler
 .text.HardFault_Handler
                0x080004ae        0x2 interrupt.o
                0x080004ae                HardFault_Handler
 .text.SVC_Handler
                0x080004b0        0x2 interrupt.o
                0x080004b0                SVC_Handler
 .text.PendSV_Handler
                0x080004b2        0x2 interrupt.o
                0x080004b2                PendSV_Handler
 .text.SysTick_Handler
                0x080004b4        0x2 interrupt.o
                0x080004b4                SysTick_Handler
 .text.EXTI15_10_IRQHandler
                0x080004b6       0x18 interrupt.o
                0x080004b6                EXTI15_10_IRQHandler
 *fill*         0x080004ce        0x2 
 .text.ADC1_2_IRQHandler
                0x080004d0       0x24 interrupt.o
                0x080004d0                ADC1_2_IRQHandler
 .text.COMP1_2_3_IRQHandler
                0x080004f4       0x18 interrupt.o
                0x080004f4                COMP1_2_3_IRQHandler
 .text.TIM4_IRQHandler
                0x0800050c       0x20 interrupt.o
                0x0800050c                TIM4_IRQHandler
 .text._Z8delay_usj
                0x0800052c       0x18 main.o
                0x0800052c                delay_us(unsigned int)
 .text._Z5blinkv
                0x08000544       0x24 main.o
                0x08000544                blink()
 .text.startup.main
                0x08000568       0x54 main.o
                0x08000568                main
 .text.Reset_Handler
                0x080005bc       0x44 startup_stm32f30x.o
                0x080005bc                Reset_Handler
 .text.Default_Handler
                0x08000600        0x2 startup_stm32f30x.o
                0x08000600                RTC_Alarm_IRQHandler
                0x08000600                TIM8_TRG_COM_IRQHandler
                0x08000600                TIM8_CC_IRQHandler
                0x08000600                DebugMon_Handler
                0x08000600                TIM1_CC_IRQHandler
                0x08000600                USB_HP_IRQHandler
                0x08000600                PVD_IRQHandler
                0x08000600                EXTI3_IRQHandler
                0x08000600                EXTI0_IRQHandler
                0x08000600                I2C2_EV_IRQHandler
                0x08000600                FPU_IRQHandler
                0x08000600                EXTI2_TS_IRQHandler
                0x08000600                TIM1_UP_TIM16_IRQHandler
                0x08000600                UsageFault_Handler
                0x08000600                SPI1_IRQHandler
                0x08000600                TIM6_DAC_IRQHandler
                0x08000600                TIM8_UP_IRQHandler
                0x08000600                DMA2_Channel2_IRQHandler
                0x08000600                DMA1_Channel4_IRQHandler
                0x08000600                USART3_IRQHandler
                0x08000600                DMA1_Channel7_IRQHandler
                0x08000600                CAN1_RX1_IRQHandler
                0x08000600                UART5_IRQHandler
                0x08000600                ADC3_IRQHandler
                0x08000600                DMA2_Channel1_IRQHandler
                0x08000600                I2C1_EV_IRQHandler
                0x08000600                DMA1_Channel6_IRQHandler
                0x08000600                UART4_IRQHandler
                0x08000600                DMA2_Channel4_IRQHandler
                0x08000600                TIM3_IRQHandler
                0x08000600                RCC_IRQHandler
                0x08000600                DMA1_Channel1_IRQHandler
                0x08000600                Default_Handler
                0x08000600                USBWakeUp_RMP_IRQHandler
                0x08000600                TIM7_IRQHandler
                0x08000600                EXTI9_5_IRQHandler
                0x08000600                TAMPER_STAMP_IRQHandler
                0x08000600                RTC_WKUP_IRQHandler
                0x08000600                SPI2_IRQHandler
                0x08000600                MemManage_Handler
                0x08000600                DMA2_Channel5_IRQHandler
                0x08000600                DMA1_Channel5_IRQHandler
                0x08000600                USB_LP_IRQHandler
                0x08000600                EXTI4_IRQHandler
                0x08000600                USB_LP_CAN1_RX0_IRQHandler
                0x08000600                TIM1_TRG_COM_TIM17_IRQHandler
                0x08000600                USB_HP_CAN1_TX_IRQHandler
                0x08000600                DMA1_Channel3_IRQHandler
                0x08000600                ADC4_IRQHandler
                0x08000600                WWDG_IRQHandler
                0x08000600                TIM2_IRQHandler
                0x08000600                COMP7_IRQHandler
                0x08000600                EXTI1_IRQHandler
                0x08000600                USART2_IRQHandler
                0x08000600                COMP4_5_6_IRQHandler
                0x08000600                I2C2_ER_IRQHandler
                0x08000600                DMA1_Channel2_IRQHandler
                0x08000600                TIM8_BRK_IRQHandler
                0x08000600                CAN1_SCE_IRQHandler
                0x08000600                FLASH_IRQHandler
                0x08000600                BusFault_Handler
                0x08000600                USART1_IRQHandler
                0x08000600                SPI3_IRQHandler
                0x08000600                I2C1_ER_IRQHandler
                0x08000600                USBWakeUp_IRQHandler
                0x08000600                DMA2_Channel3_IRQHandler
                0x08000600                TIM1_BRK_TIM15_IRQHandler
 *fill*         0x08000602        0x2 
 .text.SystemInit
                0x08000604       0xfc system_stm32f30x.o
                0x08000604                SystemInit
 .text.ADC_GetConversionValue
                0x08000700        0x6 ../../Libraries/STM32F30x_StdPeriph_Driver/src/stm32f30x_adc.o
                0x08000700                ADC_GetConversionValue
 .text.ADC_GetFlagStatus
                0x08000706        0xc ../../Libraries/STM32F30x_StdPeriph_Driver/src/stm32f30x_adc.o
                0x08000706                ADC_GetFlagStatus
 *fill*         0x08000712        0x2 
 .text.EXTI_Init
                0x08000714      0x104 ../../Libraries/STM32F30x_StdPeriph_Driver/src/stm32f30x_exti.o
                0x08000714                EXTI_Init
 .text.EXTI_StructInit
                0x08000818        0xe ../../Libraries/STM32F30x_StdPeriph_Driver/src/stm32f30x_exti.o
                0x08000818                EXTI_StructInit
 *fill*         0x08000826        0x2 
 .text.EXTI_GetITStatus
                0x08000828       0x20 ../../Libraries/STM32F30x_StdPeriph_Driver/src/stm32f30x_exti.o
                0x08000828                EXTI_GetITStatus
 .text.EXTI_GetFlagStatus
                0x08000848        0x4 ../../Libraries/STM32F30x_StdPeriph_Driver/src/stm32f30x_exti.o
                0x08000848                EXTI_GetFlagStatus
 .text.EXTI_ClearITPendingBit
                0x0800084c       0x18 ../../Libraries/STM32F30x_StdPeriph_Driver/src/stm32f30x_exti.o
                0x0800084c                EXTI_ClearITPendingBit
 .text.EXTI_ClearFlag
                0x08000864        0x4 ../../Libraries/STM32F30x_StdPeriph_Driver/src/stm32f30x_exti.o
                0x08000864                EXTI_ClearFlag
 .text.GPIO_Init
                0x08000868       0x8a ../../Libraries/STM32F30x_StdPeriph_Driver/src/stm32f30x_gpio.o
                0x08000868                GPIO_Init
 .text.GPIO_SetBits
                0x080008f2        0x4 ../../Libraries/STM32F30x_StdPeriph_Driver/src/stm32f30x_gpio.o
                0x080008f2                GPIO_SetBits
 .text.GPIO_ResetBits
                0x080008f6        0x4 ../../Libraries/STM32F30x_StdPeriph_Driver/src/stm32f30x_gpio.o
                0x080008f6                GPIO_ResetBits
 .text.GPIO_PinAFConfig
                0x080008fa       0x24 ../../Libraries/STM32F30x_StdPeriph_Driver/src/stm32f30x_gpio.o
                0x080008fa                GPIO_PinAFConfig
 *fill*         0x0800091e        0x2 
 .text.NVIC_Init
                0x08000920       0x6c ../../Libraries/STM32F30x_StdPeriph_Driver/src/stm32f30x_misc.o
                0x08000920                NVIC_Init
 .text.RCC_GetClocksFreq
                0x0800098c      0x390 ../../Libraries/STM32F30x_StdPeriph_Driver/src/stm32f30x_rcc.o
                0x0800098c                RCC_GetClocksFreq
 .text.RCC_AHBPeriphClockCmd
                0x08000d1c       0x18 ../../Libraries/STM32F30x_StdPeriph_Driver/src/stm32f30x_rcc.o
                0x08000d1c                RCC_AHBPeriphClockCmd
 .text.RCC_APB2PeriphClockCmd
                0x08000d34       0x18 ../../Libraries/STM32F30x_StdPeriph_Driver/src/stm32f30x_rcc.o
                0x08000d34                RCC_APB2PeriphClockCmd
 .text.RCC_APB1PeriphClockCmd
                0x08000d4c       0x18 ../../Libraries/STM32F30x_StdPeriph_Driver/src/stm32f30x_rcc.o
                0x08000d4c                RCC_APB1PeriphClockCmd
 .text.RCC_APB2PeriphResetCmd
                0x08000d64       0x18 ../../Libraries/STM32F30x_StdPeriph_Driver/src/stm32f30x_rcc.o
                0x08000d64                RCC_APB2PeriphResetCmd
 .text.RCC_APB1PeriphResetCmd
                0x08000d7c       0x18 ../../Libraries/STM32F30x_StdPeriph_Driver/src/stm32f30x_rcc.o
                0x08000d7c                RCC_APB1PeriphResetCmd
 .text.SYSCFG_EXTILineConfig
                0x08000d94       0x2a ../../Libraries/STM32F30x_StdPeriph_Driver/src/stm32f30x_syscfg.o
                0x08000d94                SYSCFG_EXTILineConfig
 *fill*         0x08000dbe        0x2 
 .text.TIM_TimeBaseInit
                0x08000dc0       0x9c ../../Libraries/STM32F30x_StdPeriph_Driver/src/stm32f30x_tim.o
                0x08000dc0                TIM_TimeBaseInit
 .text.TIM_TimeBaseStructInit
                0x08000e5c       0x12 ../../Libraries/STM32F30x_StdPeriph_Driver/src/stm32f30x_tim.o
                0x08000e5c                TIM_TimeBaseStructInit
 .text.TIM_ARRPreloadConfig
                0x08000e6e       0x18 ../../Libraries/STM32F30x_StdPeriph_Driver/src/stm32f30x_tim.o
                0x08000e6e                TIM_ARRPreloadConfig
 .text.TIM_Cmd  0x08000e86       0x18 ../../Libraries/STM32F30x_StdPeriph_Driver/src/stm32f30x_tim.o
                0x08000e86                TIM_Cmd
 *fill*         0x08000e9e        0x2 
 .text.TIM_OC1Init
                0x08000ea0       0x7c ../../Libraries/STM32F30x_StdPeriph_Driver/src/stm32f30x_tim.o
                0x08000ea0                TIM_OC1Init
 .text.TIM_OC2Init
                0x08000f1c       0x6c ../../Libraries/STM32F30x_StdPeriph_Driver/src/stm32f30x_tim.o
                0x08000f1c                TIM_OC2Init
 .text.TIM_OCStructInit
                0x08000f88       0x14 ../../Libraries/STM32F30x_StdPeriph_Driver/src/stm32f30x_tim.o
                0x08000f88                TIM_OCStructInit
 .text.TIM_OC1PreloadConfig
                0x08000f9c        0xc ../../Libraries/STM32F30x_StdPeriph_Driver/src/stm32f30x_tim.o
                0x08000f9c                TIM_OC1PreloadConfig
 .text.TIM_OC2PreloadConfig
                0x08000fa8        0xe ../../Libraries/STM32F30x_StdPeriph_Driver/src/stm32f30x_tim.o
                0x08000fa8                TIM_OC2PreloadConfig
 .text.TIM_CtrlPWMOutputs
                0x08000fb6       0x12 ../../Libraries/STM32F30x_StdPeriph_Driver/src/stm32f30x_tim.o
                0x08000fb6                TIM_CtrlPWMOutputs
 .text.TIM_GetFlagStatus
                0x08000fc8        0xc ../../Libraries/STM32F30x_StdPeriph_Driver/src/stm32f30x_tim.o
                0x08000fc8                TIM_GetFlagStatus
 .text.TIM_ClearFlag
                0x08000fd4        0x8 ../../Libraries/STM32F30x_StdPeriph_Driver/src/stm32f30x_tim.o
                0x08000fd4                TIM_ClearFlag
 .text.USART_DeInit
                0x08000fdc       0x9c ../../Libraries/STM32F30x_StdPeriph_Driver/src/stm32f30x_usart.o
                0x08000fdc                USART_DeInit
 .text.USART_Init
                0x08001078       0xb8 ../../Libraries/STM32F30x_StdPeriph_Driver/src/stm32f30x_usart.o
                0x08001078                USART_Init
 .text.USART_StructInit
                0x08001130       0x16 ../../Libraries/STM32F30x_StdPeriph_Driver/src/stm32f30x_usart.o
                0x08001130                USART_StructInit
 .text.USART_Cmd
                0x08001146       0x12 ../../Libraries/STM32F30x_StdPeriph_Driver/src/stm32f30x_usart.o
                0x08001146                USART_Cmd
 .text.USART_SendData
                0x08001158        0x8 ../../Libraries/STM32F30x_StdPeriph_Driver/src/stm32f30x_usart.o
                0x08001158                USART_SendData
 .text.USART_GetFlagStatus
                0x08001160        0xc ../../Libraries/STM32F30x_StdPeriph_Driver/src/stm32f30x_usart.o
                0x08001160                USART_GetFlagStatus
 .text.startup.register_fini
                0x0800116c       0x14 c:/program files (x86)/gnu tools arm embedded/5.3 2016q1/bin/../lib/gcc/arm-none-eabi/5.3.1/../../../../arm-none-eabi/lib/armv7e-m/softfp\libc.a(lib_a-__call_atexit.o)
 .text.atexit   0x08001180        0xc c:/program files (x86)/gnu tools arm embedded/5.3 2016q1/bin/../lib/gcc/arm-none-eabi/5.3.1/../../../../arm-none-eabi/lib/armv7e-m/softfp\libc.a(lib_a-atexit.o)
                0x08001180                atexit
 .text.__libc_fini_array
                0x0800118c       0x28 c:/program files (x86)/gnu tools arm embedded/5.3 2016q1/bin/../lib/gcc/arm-none-eabi/5.3.1/../../../../arm-none-eabi/lib/armv7e-m/softfp\libc.a(lib_a-fini.o)
                0x0800118c                __libc_fini_array
 .text.__register_exitproc
                0x080011b4       0xa4 c:/program files (x86)/gnu tools arm embedded/5.3 2016q1/bin/../lib/gcc/arm-none-eabi/5.3.1/../../../../arm-none-eabi/lib/armv7e-m/softfp\libc.a(lib_a-__atexit.o)
                0x080011b4                __register_exitproc
 *(.init)
 .init          0x08001258        0x4 c:/program files (x86)/gnu tools arm embedded/5.3 2016q1/bin/../lib/gcc/arm-none-eabi/5.3.1/armv7e-m/softfp/crti.o
                0x08001258                _init
 .init          0x0800125c        0x8 c:/program files (x86)/gnu tools arm embedded/5.3 2016q1/bin/../lib/gcc/arm-none-eabi/5.3.1/armv7e-m/softfp/crtn.o
 *(.fini)
 .fini          0x08001264        0x4 c:/program files (x86)/gnu tools arm embedded/5.3 2016q1/bin/../lib/gcc/arm-none-eabi/5.3.1/armv7e-m/softfp/crti.o
                0x08001264                _fini
 .fini          0x08001268        0x8 c:/program files (x86)/gnu tools arm embedded/5.3 2016q1/bin/../lib/gcc/arm-none-eabi/5.3.1/armv7e-m/softfp/crtn.o
 *crtbegin.o(.ctors)
 *crtbegin?.o(.ctors)
 *(EXCLUDE_FILE(*crtend.o *crtend?.o) .ctors)
 *(SORT(.ctors.*))
 *(.ctors)
 *crtbegin.o(.dtors)
 *crtbegin?.o(.dtors)
 *(EXCLUDE_FILE(*crtend.o *crtend?.o) .dtors)
 *(SORT(.dtors.*))
 *(.dtors)
 *(.rodata*)
 .rodata.str1.4
                0x08001270        0x4 c:/program files (x86)/gnu tools arm embedded/5.3 2016q1/bin/../lib/gcc/arm-none-eabi/5.3.1/../../../../arm-none-eabi/lib/armv7e-m/softfp\libc.a(lib_a-impure.o)
                                  0x2 (size before relaxing)
 .rodata._global_impure_ptr
                0x08001274        0x4 c:/program files (x86)/gnu tools arm embedded/5.3 2016q1/bin/../lib/gcc/arm-none-eabi/5.3.1/../../../../arm-none-eabi/lib/armv7e-m/softfp\libc.a(lib_a-impure.o)
                0x08001274                _global_impure_ptr
 *(.eh_frame*)
 .eh_frame      0x08001278        0x0 c:/program files (x86)/gnu tools arm embedded/5.3 2016q1/bin/../lib/gcc/arm-none-eabi/5.3.1/armv7e-m/softfp/crtbegin.o
 .eh_frame      0x08001278        0x4 c:/program files (x86)/gnu tools arm embedded/5.3 2016q1/bin/../lib/gcc/arm-none-eabi/5.3.1/armv7e-m/softfp/crtend.o

.glue_7         0x0800127c        0x0
 .glue_7        0x0800127c        0x0 linker stubs

.glue_7t        0x0800127c        0x0
 .glue_7t       0x0800127c        0x0 linker stubs

.vfp11_veneer   0x0800127c        0x0
 .vfp11_veneer  0x0800127c        0x0 linker stubs

.v4_bx          0x0800127c        0x0
 .v4_bx         0x0800127c        0x0 linker stubs

.iplt           0x0800127c        0x0
 .iplt          0x0800127c        0x0 c:/program files (x86)/gnu tools arm embedded/5.3 2016q1/bin/../lib/gcc/arm-none-eabi/5.3.1/armv7e-m/softfp/crtbegin.o

.rel.dyn        0x0800127c        0x0
 .rel.iplt      0x0800127c        0x0 c:/program files (x86)/gnu tools arm embedded/5.3 2016q1/bin/../lib/gcc/arm-none-eabi/5.3.1/armv7e-m/softfp/crtbegin.o

.ARM.extab
 *(.ARM.extab* .gnu.linkonce.armextab.*)
                0x0800127c                __exidx_start = .

.ARM.exidx
 *(.ARM.exidx* .gnu.linkonce.armexidx.*)
                0x0800127c                __exidx_end = .
                0x0800127c                __etext = .
                0x0800127c                _sidata = .

.data           0x20000198      0x470 load address 0x0800127c
                0x20000198                __data_start__ = .
                0x20000198                _sdata = .
 *(vtable)
 *(.data*)
 .data.SystemCoreClock
                0x20000198        0x4 system_stm32f30x.o
                0x20000198                SystemCoreClock
 .data.ADCPrescTable
                0x2000019c       0x20 ../../Libraries/STM32F30x_StdPeriph_Driver/src/stm32f30x_rcc.o
 .data.APBAHBPrescTable
                0x200001bc       0x10 ../../Libraries/STM32F30x_StdPeriph_Driver/src/stm32f30x_rcc.o
 *fill*         0x200001cc        0x4 
 .data.impure_data
                0x200001d0      0x428 c:/program files (x86)/gnu tools arm embedded/5.3 2016q1/bin/../lib/gcc/arm-none-eabi/5.3.1/../../../../arm-none-eabi/lib/armv7e-m/softfp\libc.a(lib_a-impure.o)
                0x200005f8                . = ALIGN (0x4)
                0x200005f8                PROVIDE (__preinit_array_start, .)
 *(.preinit_array)
                0x200005f8                PROVIDE (__preinit_array_end, .)
                0x200005f8                . = ALIGN (0x4)
                0x200005f8                PROVIDE (__init_array_start, .)
 *(SORT(.init_array.*))
 .init_array.00000
                0x200005f8        0x4 c:/program files (x86)/gnu tools arm embedded/5.3 2016q1/bin/../lib/gcc/arm-none-eabi/5.3.1/../../../../arm-none-eabi/lib/armv7e-m/softfp\libc.a(lib_a-__call_atexit.o)
 *(.init_array)
 .init_array    0x200005fc        0x4 c:/program files (x86)/gnu tools arm embedded/5.3 2016q1/bin/../lib/gcc/arm-none-eabi/5.3.1/armv7e-m/softfp/crtbegin.o
                0x20000600                PROVIDE (__init_array_end, .)
                0x20000600                . = ALIGN (0x4)
                0x20000600                PROVIDE (__fini_array_start, .)
 *(SORT(.fini_array.*))
 *(.fini_array)
 .fini_array    0x20000600        0x4 c:/program files (x86)/gnu tools arm embedded/5.3 2016q1/bin/../lib/gcc/arm-none-eabi/5.3.1/armv7e-m/softfp/crtbegin.o
                0x20000604                PROVIDE (__fini_array_end, .)
 *(.jcr*)
 .jcr           0x20000604        0x0 c:/program files (x86)/gnu tools arm embedded/5.3 2016q1/bin/../lib/gcc/arm-none-eabi/5.3.1/armv7e-m/softfp/crtbegin.o
 .jcr           0x20000604        0x4 c:/program files (x86)/gnu tools arm embedded/5.3 2016q1/bin/../lib/gcc/arm-none-eabi/5.3.1/armv7e-m/softfp/crtend.o
                0x20000608                . = ALIGN (0x4)
                0x20000608                __data_end__ = .
                0x20000608                _edata = .

.igot.plt       0x20000608        0x0 load address 0x080016ec
 .igot.plt      0x20000608        0x0 c:/program files (x86)/gnu tools arm embedded/5.3 2016q1/bin/../lib/gcc/arm-none-eabi/5.3.1/armv7e-m/softfp/crtbegin.o

.bss            0x20000608       0x24 load address 0x080016ec
                0x20000608                . = ALIGN (0x4)
                0x20000608                __bss_start__ = .
                0x20000608                _sbss = .
 *(.bss*)
 .bss           0x20000608       0x1c c:/program files (x86)/gnu tools arm embedded/5.3 2016q1/bin/../lib/gcc/arm-none-eabi/5.3.1/armv7e-m/softfp/crtbegin.o
 .bss._clocks_in_us
                0x20000624        0x4 main.o
                0x20000624                _clocks_in_us
 .bss.ADC1ConvertedValue
                0x20000628        0x2 main.o
                0x20000628                ADC1ConvertedValue
 *(COMMON)
                0x2000062c                . = ALIGN (0x4)
 *fill*         0x2000062a        0x2 
                0x2000062c                __bss_end__ = .
                0x2000062c                _ebss = .

.heap           0x2000062c        0x0
                0x2000062c                __end__ = .
                0x2000062c                end = __end__
 *(.heap*)
                0x2000062c                __HeapLimit = .

.stack_dummy    0x2000062c        0x0
 *(.stack*)
                0x20010000                __StackTop = (ORIGIN (RAM) + LENGTH (RAM))
                0x20010000                _estack = __StackTop
                0x20010000                __StackLimit = (__StackTop - SIZEOF (.stack_dummy))
                0x20010000                PROVIDE (__stack, __StackTop)
                0x00000001                ASSERT ((__StackLimit >= __HeapLimit), region RAM overflowed with stack)
OUTPUT(BMC_STM32.elf elf32-littlearm)

.ARM.attributes
                0x00000000       0x2e
 .ARM.attributes
                0x00000000       0x22 c:/program files (x86)/gnu tools arm embedded/5.3 2016q1/bin/../lib/gcc/arm-none-eabi/5.3.1/armv7e-m/softfp/crti.o
 .ARM.attributes
                0x00000022       0x32 c:/program files (x86)/gnu tools arm embedded/5.3 2016q1/bin/../lib/gcc/arm-none-eabi/5.3.1/armv7e-m/softfp/crtbegin.o
 .ARM.attributes
                0x00000054       0x37 init.o
 .ARM.attributes
                0x0000008b       0x37 interrupt.o
 .ARM.attributes
                0x000000c2       0x37 main.o
 .ARM.attributes
                0x000000f9       0x21 startup_stm32f30x.o
 .ARM.attributes
                0x0000011a       0x37 system_stm32f30x.o
 .ARM.attributes
                0x00000151       0x37 ../../Libraries/STM32F30x_StdPeriph_Driver/src/stm32f30x_adc.o
 .ARM.attributes
                0x00000188       0x37 ../../Libraries/STM32F30x_StdPeriph_Driver/src/stm32f30x_exti.o
 .ARM.attributes
                0x000001bf       0x37 ../../Libraries/STM32F30x_StdPeriph_Driver/src/stm32f30x_gpio.o
 .ARM.attributes
                0x000001f6       0x37 ../../Libraries/STM32F30x_StdPeriph_Driver/src/stm32f30x_misc.o
 .ARM.attributes
                0x0000022d       0x37 ../../Libraries/STM32F30x_StdPeriph_Driver/src/stm32f30x_rcc.o
 .ARM.attributes
                0x00000264       0x37 ../../Libraries/STM32F30x_StdPeriph_Driver/src/stm32f30x_syscfg.o
 .ARM.attributes
                0x0000029b       0x37 ../../Libraries/STM32F30x_StdPeriph_Driver/src/stm32f30x_tim.o
 .ARM.attributes
                0x000002d2       0x37 ../../Libraries/STM32F30x_StdPeriph_Driver/src/stm32f30x_usart.o
 .ARM.attributes
                0x00000309       0x32 c:/program files (x86)/gnu tools arm embedded/5.3 2016q1/bin/../lib/gcc/arm-none-eabi/5.3.1/../../../../arm-none-eabi/lib/armv7e-m/softfp\libc.a(lib_a-impure.o)
 .ARM.attributes
                0x0000033b       0x32 c:/program files (x86)/gnu tools arm embedded/5.3 2016q1/bin/../lib/gcc/arm-none-eabi/5.3.1/../../../../arm-none-eabi/lib/armv7e-m/softfp\libc.a(lib_a-__call_atexit.o)
 .ARM.attributes
                0x0000036d       0x32 c:/program files (x86)/gnu tools arm embedded/5.3 2016q1/bin/../lib/gcc/arm-none-eabi/5.3.1/../../../../arm-none-eabi/lib/armv7e-m/softfp\libc.a(lib_a-atexit.o)
 .ARM.attributes
                0x0000039f       0x32 c:/program files (x86)/gnu tools arm embedded/5.3 2016q1/bin/../lib/gcc/arm-none-eabi/5.3.1/../../../../arm-none-eabi/lib/armv7e-m/softfp\libc.a(lib_a-fini.o)
 .ARM.attributes
                0x000003d1       0x32 c:/program files (x86)/gnu tools arm embedded/5.3 2016q1/bin/../lib/gcc/arm-none-eabi/5.3.1/../../../../arm-none-eabi/lib/armv7e-m/softfp\libc.a(lib_a-__atexit.o)
 .ARM.attributes
                0x00000403       0x32 c:/program files (x86)/gnu tools arm embedded/5.3 2016q1/bin/../lib/gcc/arm-none-eabi/5.3.1/armv7e-m/softfp/crtend.o
 .ARM.attributes
                0x00000435       0x22 c:/program files (x86)/gnu tools arm embedded/5.3 2016q1/bin/../lib/gcc/arm-none-eabi/5.3.1/armv7e-m/softfp/crtn.o

.comment        0x00000000       0xdc
 .comment       0x00000000       0x6e init.o
                                 0x6f (size before relaxing)
 .comment       0x0000006e       0x6f interrupt.o
 .comment       0x0000006e       0x6f main.o
 .comment       0x0000006e       0x6f system_stm32f30x.o
 .comment       0x0000006e       0x6e ../../Libraries/STM32F30x_StdPeriph_Driver/src/stm32f30x_adc.o
                                 0x6f (size before relaxing)
 .comment       0x000000dc       0x6f ../../Libraries/STM32F30x_StdPeriph_Driver/src/stm32f30x_exti.o
 .comment       0x000000dc       0x6f ../../Libraries/STM32F30x_StdPeriph_Driver/src/stm32f30x_gpio.o
 .comment       0x000000dc       0x6f ../../Libraries/STM32F30x_StdPeriph_Driver/src/stm32f30x_misc.o
 .comment       0x000000dc       0x6f ../../Libraries/STM32F30x_StdPeriph_Driver/src/stm32f30x_rcc.o
 .comment       0x000000dc       0x6f ../../Libraries/STM32F30x_StdPeriph_Driver/src/stm32f30x_syscfg.o
 .comment       0x000000dc       0x6f ../../Libraries/STM32F30x_StdPeriph_Driver/src/stm32f30x_tim.o
 .comment       0x000000dc       0x6f ../../Libraries/STM32F30x_StdPeriph_Driver/src/stm32f30x_usart.o

.debug_info     0x00000000     0xe860
 .debug_info    0x00000000     0x3698 init.o
 .debug_info    0x00003698     0x2335 interrupt.o
 .debug_info    0x000059cd     0x224f main.o
 .debug_info    0x00007c1c      0x4df system_stm32f30x.o
 .debug_info    0x000080fb     0x1343 ../../Libraries/STM32F30x_StdPeriph_Driver/src/stm32f30x_adc.o
 .debug_info    0x0000943e      0x353 ../../Libraries/STM32F30x_StdPeriph_Driver/src/stm32f30x_exti.o
 .debug_info    0x00009791      0x70e ../../Libraries/STM32F30x_StdPeriph_Driver/src/stm32f30x_gpio.o
 .debug_info    0x00009e9f      0x549 ../../Libraries/STM32F30x_StdPeriph_Driver/src/stm32f30x_misc.o
 .debug_info    0x0000a3e8      0xbb4 ../../Libraries/STM32F30x_StdPeriph_Driver/src/stm32f30x_rcc.o
 .debug_info    0x0000af9c      0x43b ../../Libraries/STM32F30x_StdPeriph_Driver/src/stm32f30x_syscfg.o
 .debug_info    0x0000b3d7     0x249d ../../Libraries/STM32F30x_StdPeriph_Driver/src/stm32f30x_tim.o
 .debug_info    0x0000d874      0xfec ../../Libraries/STM32F30x_StdPeriph_Driver/src/stm32f30x_usart.o

.debug_abbrev   0x00000000     0x2145
 .debug_abbrev  0x00000000      0x608 init.o
 .debug_abbrev  0x00000608      0x53d interrupt.o
 .debug_abbrev  0x00000b45      0x5b4 main.o
 .debug_abbrev  0x000010f9      0x147 system_stm32f30x.o
 .debug_abbrev  0x00001240      0x20b ../../Libraries/STM32F30x_StdPeriph_Driver/src/stm32f30x_adc.o
 .debug_abbrev  0x0000144b      0x18f ../../Libraries/STM32F30x_StdPeriph_Driver/src/stm32f30x_exti.o
 .debug_abbrev  0x000015da      0x1e5 ../../Libraries/STM32F30x_StdPeriph_Driver/src/stm32f30x_gpio.o
 .debug_abbrev  0x000017bf      0x158 ../../Libraries/STM32F30x_StdPeriph_Driver/src/stm32f30x_misc.o
 .debug_abbrev  0x00001917      0x20d ../../Libraries/STM32F30x_StdPeriph_Driver/src/stm32f30x_rcc.o
 .debug_abbrev  0x00001b24      0x1a3 ../../Libraries/STM32F30x_StdPeriph_Driver/src/stm32f30x_syscfg.o
 .debug_abbrev  0x00001cc7      0x2a5 ../../Libraries/STM32F30x_StdPeriph_Driver/src/stm32f30x_tim.o
 .debug_abbrev  0x00001f6c      0x1d9 ../../Libraries/STM32F30x_StdPeriph_Driver/src/stm32f30x_usart.o

.debug_loc      0x00000000     0x49ec
 .debug_loc     0x00000000      0x137 init.o
 .debug_loc     0x00000137       0x40 main.o
 .debug_loc     0x00000177       0xad system_stm32f30x.o
 .debug_loc     0x00000224      0xc58 ../../Libraries/STM32F30x_StdPeriph_Driver/src/stm32f30x_adc.o
 .debug_loc     0x00000e7c      0x1b1 ../../Libraries/STM32F30x_StdPeriph_Driver/src/stm32f30x_exti.o
 .debug_loc     0x0000102d      0x319 ../../Libraries/STM32F30x_StdPeriph_Driver/src/stm32f30x_gpio.o
 .debug_loc     0x00001346      0x161 ../../Libraries/STM32F30x_StdPeriph_Driver/src/stm32f30x_misc.o
 .debug_loc     0x000014a7      0xacc ../../Libraries/STM32F30x_StdPeriph_Driver/src/stm32f30x_rcc.o
 .debug_loc     0x00001f73      0x255 ../../Libraries/STM32F30x_StdPeriph_Driver/src/stm32f30x_syscfg.o
 .debug_loc     0x000021c8     0x1f40 ../../Libraries/STM32F30x_StdPeriph_Driver/src/stm32f30x_tim.o
 .debug_loc     0x00004108      0x8e4 ../../Libraries/STM32F30x_StdPeriph_Driver/src/stm32f30x_usart.o

.debug_aranges  0x00000000      0xb10
 .debug_aranges
                0x00000000       0x68 init.o
 .debug_aranges
                0x00000068       0x48 interrupt.o
 .debug_aranges
                0x000000b0       0x30 main.o
 .debug_aranges
                0x000000e0       0x28 system_stm32f30x.o
 .debug_aranges
                0x00000108      0x208 ../../Libraries/STM32F30x_StdPeriph_Driver/src/stm32f30x_adc.o
 .debug_aranges
                0x00000310       0x48 ../../Libraries/STM32F30x_StdPeriph_Driver/src/stm32f30x_exti.o
 .debug_aranges
                0x00000358       0x80 ../../Libraries/STM32F30x_StdPeriph_Driver/src/stm32f30x_gpio.o
 .debug_aranges
                0x000003d8       0x40 ../../Libraries/STM32F30x_StdPeriph_Driver/src/stm32f30x_misc.o
 .debug_aranges
                0x00000418      0x158 ../../Libraries/STM32F30x_StdPeriph_Driver/src/stm32f30x_rcc.o
 .debug_aranges
                0x00000570       0x78 ../../Libraries/STM32F30x_StdPeriph_Driver/src/stm32f30x_syscfg.o
 .debug_aranges
                0x000005e8      0x388 ../../Libraries/STM32F30x_StdPeriph_Driver/src/stm32f30x_tim.o
 .debug_aranges
                0x00000970      0x1a0 ../../Libraries/STM32F30x_StdPeriph_Driver/src/stm32f30x_usart.o

.debug_ranges   0x00000000      0xaa0
 .debug_ranges  0x00000000       0x58 init.o
 .debug_ranges  0x00000058       0x38 interrupt.o
 .debug_ranges  0x00000090       0x20 main.o
 .debug_ranges  0x000000b0       0x30 system_stm32f30x.o
 .debug_ranges  0x000000e0      0x1f8 ../../Libraries/STM32F30x_StdPeriph_Driver/src/stm32f30x_adc.o
 .debug_ranges  0x000002d8       0x38 ../../Libraries/STM32F30x_StdPeriph_Driver/src/stm32f30x_exti.o
 .debug_ranges  0x00000310       0x70 ../../Libraries/STM32F30x_StdPeriph_Driver/src/stm32f30x_gpio.o
 .debug_ranges  0x00000380       0x30 ../../Libraries/STM32F30x_StdPeriph_Driver/src/stm32f30x_misc.o
 .debug_ranges  0x000003b0      0x148 ../../Libraries/STM32F30x_StdPeriph_Driver/src/stm32f30x_rcc.o
 .debug_ranges  0x000004f8       0x68 ../../Libraries/STM32F30x_StdPeriph_Driver/src/stm32f30x_syscfg.o
 .debug_ranges  0x00000560      0x3b0 ../../Libraries/STM32F30x_StdPeriph_Driver/src/stm32f30x_tim.o
 .debug_ranges  0x00000910      0x190 ../../Libraries/STM32F30x_StdPeriph_Driver/src/stm32f30x_usart.o

.debug_line     0x00000000     0x40ee
 .debug_line    0x00000000      0x805 init.o
 .debug_line    0x00000805      0x698 interrupt.o
 .debug_line    0x00000e9d      0x684 main.o
 .debug_line    0x00001521      0x1d6 system_stm32f30x.o
 .debug_line    0x000016f7      0x74a ../../Libraries/STM32F30x_StdPeriph_Driver/src/stm32f30x_adc.o
 .debug_line    0x00001e41      0x263 ../../Libraries/STM32F30x_StdPeriph_Driver/src/stm32f30x_exti.o
 .debug_line    0x000020a4      0x319 ../../Libraries/STM32F30x_StdPeriph_Driver/src/stm32f30x_gpio.o
 .debug_line    0x000023bd      0x23d ../../Libraries/STM32F30x_StdPeriph_Driver/src/stm32f30x_misc.o
 .debug_line    0x000025fa      0x5db ../../Libraries/STM32F30x_StdPeriph_Driver/src/stm32f30x_rcc.o
 .debug_line    0x00002bd5      0x281 ../../Libraries/STM32F30x_StdPeriph_Driver/src/stm32f30x_syscfg.o
 .debug_line    0x00002e56      0xc6c ../../Libraries/STM32F30x_StdPeriph_Driver/src/stm32f30x_tim.o
 .debug_line    0x00003ac2      0x62c ../../Libraries/STM32F30x_StdPeriph_Driver/src/stm32f30x_usart.o

.debug_str      0x00000000     0x4d0f
 .debug_str     0x00000000     0x242e init.o
                               0x287b (size before relaxing)
 .debug_str     0x0000242e       0xfa interrupt.o
                               0x17bf (size before relaxing)
 .debug_str     0x00002528       0xd8 main.o
                               0x17b7 (size before relaxing)
 .debug_str     0x00002600      0x275 system_stm32f30x.o
                                0x393 (size before relaxing)
 .debug_str     0x00002875      0x87e ../../Libraries/STM32F30x_StdPeriph_Driver/src/stm32f30x_adc.o
                                0xc62 (size before relaxing)
 .debug_str     0x000030f3       0xd4 ../../Libraries/STM32F30x_StdPeriph_Driver/src/stm32f30x_exti.o
                                0x410 (size before relaxing)
 .debug_str     0x000031c7      0x139 ../../Libraries/STM32F30x_StdPeriph_Driver/src/stm32f30x_gpio.o
                                0x586 (size before relaxing)
 .debug_str     0x00003300      0x11c ../../Libraries/STM32F30x_StdPeriph_Driver/src/stm32f30x_misc.o
                                0x498 (size before relaxing)
 .debug_str     0x0000341c      0x5e4 ../../Libraries/STM32F30x_StdPeriph_Driver/src/stm32f30x_rcc.o
                                0x990 (size before relaxing)
 .debug_str     0x00003a00      0x214 ../../Libraries/STM32F30x_StdPeriph_Driver/src/stm32f30x_syscfg.o
                                0x504 (size before relaxing)
 .debug_str     0x00003c14      0xb05 ../../Libraries/STM32F30x_StdPeriph_Driver/src/stm32f30x_tim.o
                               0x1054 (size before relaxing)
 .debug_str     0x00004719      0x5f6 ../../Libraries/STM32F30x_StdPeriph_Driver/src/stm32f30x_usart.o
                                0xb9f (size before relaxing)

.debug_frame    0x00000000     0x1930
 .debug_frame   0x00000000      0x138 init.o
 .debug_frame   0x00000138       0xd8 interrupt.o
 .debug_frame   0x00000210       0x54 main.o
 .debug_frame   0x00000264       0x44 system_stm32f30x.o
 .debug_frame   0x000002a8      0x44c ../../Libraries/STM32F30x_StdPeriph_Driver/src/stm32f30x_adc.o
 .debug_frame   0x000006f4       0xa4 ../../Libraries/STM32F30x_StdPeriph_Driver/src/stm32f30x_exti.o
 .debug_frame   0x00000798      0x10c ../../Libraries/STM32F30x_StdPeriph_Driver/src/stm32f30x_gpio.o
 .debug_frame   0x000008a4       0x68 ../../Libraries/STM32F30x_StdPeriph_Driver/src/stm32f30x_misc.o
 .debug_frame   0x0000090c      0x2ac ../../Libraries/STM32F30x_StdPeriph_Driver/src/stm32f30x_rcc.o
 .debug_frame   0x00000bb8      0x108 ../../Libraries/STM32F30x_StdPeriph_Driver/src/stm32f30x_syscfg.o
 .debug_frame   0x00000cc0      0x838 ../../Libraries/STM32F30x_StdPeriph_Driver/src/stm32f30x_tim.o
 .debug_frame   0x000014f8      0x360 ../../Libraries/STM32F30x_StdPeriph_Driver/src/stm32f30x_usart.o
 .debug_frame   0x00001858       0x50 c:/program files (x86)/gnu tools arm embedded/5.3 2016q1/bin/../lib/gcc/arm-none-eabi/5.3.1/../../../../arm-none-eabi/lib/armv7e-m/softfp\libc.a(lib_a-__call_atexit.o)
 .debug_frame   0x000018a8       0x20 c:/program files (x86)/gnu tools arm embedded/5.3 2016q1/bin/../lib/gcc/arm-none-eabi/5.3.1/../../../../arm-none-eabi/lib/armv7e-m/softfp\libc.a(lib_a-atexit.o)
 .debug_frame   0x000018c8       0x34 c:/program files (x86)/gnu tools arm embedded/5.3 2016q1/bin/../lib/gcc/arm-none-eabi/5.3.1/../../../../arm-none-eabi/lib/armv7e-m/softfp\libc.a(lib_a-fini.o)
 .debug_frame   0x000018fc       0x34 c:/program files (x86)/gnu tools arm embedded/5.3 2016q1/bin/../lib/gcc/arm-none-eabi/5.3.1/../../../../arm-none-eabi/lib/armv7e-m/softfp\libc.a(lib_a-__atexit.o)

Cross Reference Table

Symbol                                            File
ADC1ConvertedValue                                main.o
                                                  interrupt.o
ADC1_2_IRQHandler                                 interrupt.o
ADC3_IRQHandler                                   startup_stm32f30x.o
ADC4_IRQHandler                                   startup_stm32f30x.o
ADC_AnalogWatchdog1SingleChannelConfig            ../../Libraries/STM32F30x_StdPeriph_Driver/src/stm32f30x_adc.o
ADC_AnalogWatchdog1ThresholdsConfig               ../../Libraries/STM32F30x_StdPeriph_Driver/src/stm32f30x_adc.o
ADC_AnalogWatchdog2SingleChannelConfig            ../../Libraries/STM32F30x_StdPeriph_Driver/src/stm32f30x_adc.o
ADC_AnalogWatchdog2ThresholdsConfig               ../../Libraries/STM32F30x_StdPeriph_Driver/src/stm32f30x_adc.o
ADC_AnalogWatchdog3SingleChannelConfig            ../../Libraries/STM32F30x_StdPeriph_Driver/src/stm32f30x_adc.o
ADC_AnalogWatchdog3ThresholdsConfig               ../../Libraries/STM32F30x_StdPeriph_Driver/src/stm32f30x_adc.o
ADC_AnalogWatchdogCmd                             ../../Libraries/STM32F30x_StdPeriph_Driver/src/stm32f30x_adc.o
ADC_AutoDelayCmd                                  ../../Libraries/STM32F30x_StdPeriph_Driver/src/stm32f30x_adc.o
ADC_AutoInjectedConvCmd                           ../../Libraries/STM32F30x_StdPeriph_Driver/src/stm32f30x_adc.o
ADC_ChannelOffset1Cmd                             ../../Libraries/STM32F30x_StdPeriph_Driver/src/stm32f30x_adc.o
ADC_ChannelOffset2Cmd                             ../../Libraries/STM32F30x_StdPeriph_Driver/src/stm32f30x_adc.o
ADC_ChannelOffset3Cmd                             ../../Libraries/STM32F30x_StdPeriph_Driver/src/stm32f30x_adc.o
ADC_ChannelOffset4Cmd                             ../../Libraries/STM32F30x_StdPeriph_Driver/src/stm32f30x_adc.o
ADC_ClearCommonFlag                               ../../Libraries/STM32F30x_StdPeriph_Driver/src/stm32f30x_adc.o
ADC_ClearFlag                                     ../../Libraries/STM32F30x_StdPeriph_Driver/src/stm32f30x_adc.o
ADC_ClearITPendingBit                             ../../Libraries/STM32F30x_StdPeriph_Driver/src/stm32f30x_adc.o
ADC_Cmd                                           ../../Libraries/STM32F30x_StdPeriph_Driver/src/stm32f30x_adc.o
ADC_CommonInit                                    ../../Libraries/STM32F30x_StdPeriph_Driver/src/stm32f30x_adc.o
                                                  init.o
ADC_CommonStructInit                              ../../Libraries/STM32F30x_StdPeriph_Driver/src/stm32f30x_adc.o
                                                  init.o
ADC_DMACmd                                        ../../Libraries/STM32F30x_StdPeriph_Driver/src/stm32f30x_adc.o
ADC_DMAConfig                                     ../../Libraries/STM32F30x_StdPeriph_Driver/src/stm32f30x_adc.o
ADC_DeInit                                        ../../Libraries/STM32F30x_StdPeriph_Driver/src/stm32f30x_adc.o
ADC_DisableCmd                                    ../../Libraries/STM32F30x_StdPeriph_Driver/src/stm32f30x_adc.o
ADC_DiscModeChannelCountConfig                    ../../Libraries/STM32F30x_StdPeriph_Driver/src/stm32f30x_adc.o
ADC_DiscModeCmd                                   ../../Libraries/STM32F30x_StdPeriph_Driver/src/stm32f30x_adc.o
ADC_ExternalTriggerConfig                         ../../Libraries/STM32F30x_StdPeriph_Driver/src/stm32f30x_adc.o
ADC_GetCalibrationStatus                          ../../Libraries/STM32F30x_StdPeriph_Driver/src/stm32f30x_adc.o
                                                  init.o
ADC_GetCalibrationValue                           ../../Libraries/STM32F30x_StdPeriph_Driver/src/stm32f30x_adc.o
ADC_GetCommonFlagStatus                           ../../Libraries/STM32F30x_StdPeriph_Driver/src/stm32f30x_adc.o
ADC_GetConversionValue                            ../../Libraries/STM32F30x_StdPeriph_Driver/src/stm32f30x_adc.o
                                                  interrupt.o
ADC_GetDisableCmdStatus                           ../../Libraries/STM32F30x_StdPeriph_Driver/src/stm32f30x_adc.o
ADC_GetDualModeConversionValue                    ../../Libraries/STM32F30x_StdPeriph_Driver/src/stm32f30x_adc.o
ADC_GetFlagStatus                                 ../../Libraries/STM32F30x_StdPeriph_Driver/src/stm32f30x_adc.o
                                                  interrupt.o
ADC_GetITStatus                                   ../../Libraries/STM32F30x_StdPeriph_Driver/src/stm32f30x_adc.o
ADC_GetInjectedConversionValue                    ../../Libraries/STM32F30x_StdPeriph_Driver/src/stm32f30x_adc.o
ADC_GetStartConversionStatus                      ../../Libraries/STM32F30x_StdPeriph_Driver/src/stm32f30x_adc.o
ADC_GetStartInjectedConversionStatus              ../../Libraries/STM32F30x_StdPeriph_Driver/src/stm32f30x_adc.o
ADC_ITConfig                                      ../../Libraries/STM32F30x_StdPeriph_Driver/src/stm32f30x_adc.o
ADC_Init                                          ../../Libraries/STM32F30x_StdPeriph_Driver/src/stm32f30x_adc.o
                                                  init.o
ADC_InjectedChannelSampleTimeConfig               ../../Libraries/STM32F30x_StdPeriph_Driver/src/stm32f30x_adc.o
ADC_InjectedDiscModeCmd                           ../../Libraries/STM32F30x_StdPeriph_Driver/src/stm32f30x_adc.o
ADC_InjectedInit                                  ../../Libraries/STM32F30x_StdPeriph_Driver/src/stm32f30x_adc.o
ADC_InjectedStructInit                            ../../Libraries/STM32F30x_StdPeriph_Driver/src/stm32f30x_adc.o
ADC_RegularChannelConfig                          ../../Libraries/STM32F30x_StdPeriph_Driver/src/stm32f30x_adc.o
ADC_RegularChannelSequencerLengthConfig           ../../Libraries/STM32F30x_StdPeriph_Driver/src/stm32f30x_adc.o
ADC_SelectCalibrationMode                         ../../Libraries/STM32F30x_StdPeriph_Driver/src/stm32f30x_adc.o
                                                  init.o
ADC_SelectDifferentialMode                        ../../Libraries/STM32F30x_StdPeriph_Driver/src/stm32f30x_adc.o
ADC_SelectQueueOfContextMode                      ../../Libraries/STM32F30x_StdPeriph_Driver/src/stm32f30x_adc.o
ADC_SetCalibrationValue                           ../../Libraries/STM32F30x_StdPeriph_Driver/src/stm32f30x_adc.o
ADC_SetChannelOffset1                             ../../Libraries/STM32F30x_StdPeriph_Driver/src/stm32f30x_adc.o
ADC_SetChannelOffset2                             ../../Libraries/STM32F30x_StdPeriph_Driver/src/stm32f30x_adc.o
ADC_SetChannelOffset3                             ../../Libraries/STM32F30x_StdPeriph_Driver/src/stm32f30x_adc.o
ADC_SetChannelOffset4                             ../../Libraries/STM32F30x_StdPeriph_Driver/src/stm32f30x_adc.o
ADC_StartCalibration                              ../../Libraries/STM32F30x_StdPeriph_Driver/src/stm32f30x_adc.o
                                                  init.o
ADC_StartConversion                               ../../Libraries/STM32F30x_StdPeriph_Driver/src/stm32f30x_adc.o
ADC_StartInjectedConversion                       ../../Libraries/STM32F30x_StdPeriph_Driver/src/stm32f30x_adc.o
ADC_StopConversion                                ../../Libraries/STM32F30x_StdPeriph_Driver/src/stm32f30x_adc.o
ADC_StopInjectedConversion                        ../../Libraries/STM32F30x_StdPeriph_Driver/src/stm32f30x_adc.o
ADC_StructInit                                    ../../Libraries/STM32F30x_StdPeriph_Driver/src/stm32f30x_adc.o
                                                  init.o
ADC_TempSensorCmd                                 ../../Libraries/STM32F30x_StdPeriph_Driver/src/stm32f30x_adc.o
ADC_VbatCmd                                       ../../Libraries/STM32F30x_StdPeriph_Driver/src/stm32f30x_adc.o
ADC_VoltageRegulatorCmd                           ../../Libraries/STM32F30x_StdPeriph_Driver/src/stm32f30x_adc.o
                                                  init.o
ADC_VrefintCmd                                    ../../Libraries/STM32F30x_StdPeriph_Driver/src/stm32f30x_adc.o
AHBPrescTable                                     system_stm32f30x.o
BusFault_Handler                                  startup_stm32f30x.o
CAN1_RX1_IRQHandler                               startup_stm32f30x.o
CAN1_SCE_IRQHandler                               startup_stm32f30x.o
CAN_CancelTransmit                                ../../Libraries/STM32F30x_StdPeriph_Driver/src/stm32f30x_can.o
CAN_ClearFlag                                     ../../Libraries/STM32F30x_StdPeriph_Driver/src/stm32f30x_can.o
CAN_ClearITPendingBit                             ../../Libraries/STM32F30x_StdPeriph_Driver/src/stm32f30x_can.o
CAN_DBGFreeze                                     ../../Libraries/STM32F30x_StdPeriph_Driver/src/stm32f30x_can.o
CAN_DeInit                                        ../../Libraries/STM32F30x_StdPeriph_Driver/src/stm32f30x_can.o
CAN_FIFORelease                                   ../../Libraries/STM32F30x_StdPeriph_Driver/src/stm32f30x_can.o
CAN_FilterInit                                    ../../Libraries/STM32F30x_StdPeriph_Driver/src/stm32f30x_can.o
CAN_GetFlagStatus                                 ../../Libraries/STM32F30x_StdPeriph_Driver/src/stm32f30x_can.o
CAN_GetITStatus                                   ../../Libraries/STM32F30x_StdPeriph_Driver/src/stm32f30x_can.o
CAN_GetLSBTransmitErrorCounter                    ../../Libraries/STM32F30x_StdPeriph_Driver/src/stm32f30x_can.o
CAN_GetLastErrorCode                              ../../Libraries/STM32F30x_StdPeriph_Driver/src/stm32f30x_can.o
CAN_GetReceiveErrorCounter                        ../../Libraries/STM32F30x_StdPeriph_Driver/src/stm32f30x_can.o
CAN_ITConfig                                      ../../Libraries/STM32F30x_StdPeriph_Driver/src/stm32f30x_can.o
CAN_Init                                          ../../Libraries/STM32F30x_StdPeriph_Driver/src/stm32f30x_can.o
CAN_MessagePending                                ../../Libraries/STM32F30x_StdPeriph_Driver/src/stm32f30x_can.o
CAN_OperatingModeRequest                          ../../Libraries/STM32F30x_StdPeriph_Driver/src/stm32f30x_can.o
CAN_Receive                                       ../../Libraries/STM32F30x_StdPeriph_Driver/src/stm32f30x_can.o
CAN_SlaveStartBank                                ../../Libraries/STM32F30x_StdPeriph_Driver/src/stm32f30x_can.o
CAN_Sleep                                         ../../Libraries/STM32F30x_StdPeriph_Driver/src/stm32f30x_can.o
CAN_StructInit                                    ../../Libraries/STM32F30x_StdPeriph_Driver/src/stm32f30x_can.o
CAN_TTComModeCmd                                  ../../Libraries/STM32F30x_StdPeriph_Driver/src/stm32f30x_can.o
CAN_Transmit                                      ../../Libraries/STM32F30x_StdPeriph_Driver/src/stm32f30x_can.o
CAN_TransmitStatus                                ../../Libraries/STM32F30x_StdPeriph_Driver/src/stm32f30x_can.o
CAN_WakeUp                                        ../../Libraries/STM32F30x_StdPeriph_Driver/src/stm32f30x_can.o
COMP1_2_3_IRQHandler                              interrupt.o
COMP4_5_6_IRQHandler                              startup_stm32f30x.o
COMP7_IRQHandler                                  startup_stm32f30x.o
COMP_Cmd                                          ../../Libraries/STM32F30x_StdPeriph_Driver/src/stm32f30x_comp.o
                                                  init.o
COMP_DeInit                                       ../../Libraries/STM32F30x_StdPeriph_Driver/src/stm32f30x_comp.o
COMP_GetOutputLevel                               ../../Libraries/STM32F30x_StdPeriph_Driver/src/stm32f30x_comp.o
COMP_Init                                         ../../Libraries/STM32F30x_StdPeriph_Driver/src/stm32f30x_comp.o
                                                  init.o
COMP_LockConfig                                   ../../Libraries/STM32F30x_StdPeriph_Driver/src/stm32f30x_comp.o
COMP_StructInit                                   ../../Libraries/STM32F30x_StdPeriph_Driver/src/stm32f30x_comp.o
COMP_SwitchCmd                                    ../../Libraries/STM32F30x_StdPeriph_Driver/src/stm32f30x_comp.o
COMP_WindowCmd                                    ../../Libraries/STM32F30x_StdPeriph_Driver/src/stm32f30x_comp.o
CRC_CalcBlockCRC                                  ../../Libraries/STM32F30x_StdPeriph_Driver/src/stm32f30x_crc.o
CRC_CalcCRC                                       ../../Libraries/STM32F30x_StdPeriph_Driver/src/stm32f30x_crc.o
CRC_CalcCRC16bits                                 ../../Libraries/STM32F30x_StdPeriph_Driver/src/stm32f30x_crc.o
CRC_CalcCRC8bits                                  ../../Libraries/STM32F30x_StdPeriph_Driver/src/stm32f30x_crc.o
CRC_DeInit                                        ../../Libraries/STM32F30x_StdPeriph_Driver/src/stm32f30x_crc.o
CRC_GetCRC                                        ../../Libraries/STM32F30x_StdPeriph_Driver/src/stm32f30x_crc.o
CRC_GetIDRegister                                 ../../Libraries/STM32F30x_StdPeriph_Driver/src/stm32f30x_crc.o
CRC_PolynomialSizeSelect                          ../../Libraries/STM32F30x_StdPeriph_Driver/src/stm32f30x_crc.o
CRC_ResetDR                                       ../../Libraries/STM32F30x_StdPeriph_Driver/src/stm32f30x_crc.o
CRC_ReverseInputDataSelect                        ../../Libraries/STM32F30x_StdPeriph_Driver/src/stm32f30x_crc.o
CRC_ReverseOutputDataCmd                          ../../Libraries/STM32F30x_StdPeriph_Driver/src/stm32f30x_crc.o
CRC_SetIDRegister                                 ../../Libraries/STM32F30x_StdPeriph_Driver/src/stm32f30x_crc.o
CRC_SetInitRegister                               ../../Libraries/STM32F30x_StdPeriph_Driver/src/stm32f30x_crc.o
CRC_SetPolynomial                                 ../../Libraries/STM32F30x_StdPeriph_Driver/src/stm32f30x_crc.o
DAC_ClearFlag                                     ../../Libraries/STM32F30x_StdPeriph_Driver/src/stm32f30x_dac.o
DAC_ClearITPendingBit                             ../../Libraries/STM32F30x_StdPeriph_Driver/src/stm32f30x_dac.o
DAC_Cmd                                           ../../Libraries/STM32F30x_StdPeriph_Driver/src/stm32f30x_dac.o
DAC_DMACmd                                        ../../Libraries/STM32F30x_StdPeriph_Driver/src/stm32f30x_dac.o
DAC_DeInit                                        ../../Libraries/STM32F30x_StdPeriph_Driver/src/stm32f30x_dac.o
DAC_DualSoftwareTriggerCmd                        ../../Libraries/STM32F30x_StdPeriph_Driver/src/stm32f30x_dac.o
DAC_GetDataOutputValue                            ../../Libraries/STM32F30x_StdPeriph_Driver/src/stm32f30x_dac.o
DAC_GetFlagStatus                                 ../../Libraries/STM32F30x_StdPeriph_Driver/src/stm32f30x_dac.o
DAC_GetITStatus                                   ../../Libraries/STM32F30x_StdPeriph_Driver/src/stm32f30x_dac.o
DAC_ITConfig                                      ../../Libraries/STM32F30x_StdPeriph_Driver/src/stm32f30x_dac.o
DAC_Init                                          ../../Libraries/STM32F30x_StdPeriph_Driver/src/stm32f30x_dac.o
DAC_SetChannel1Data                               ../../Libraries/STM32F30x_StdPeriph_Driver/src/stm32f30x_dac.o
DAC_SetChannel2Data                               ../../Libraries/STM32F30x_StdPeriph_Driver/src/stm32f30x_dac.o
DAC_SetDualChannelData                            ../../Libraries/STM32F30x_StdPeriph_Driver/src/stm32f30x_dac.o
DAC_SoftwareTriggerCmd                            ../../Libraries/STM32F30x_StdPeriph_Driver/src/stm32f30x_dac.o
DAC_StructInit                                    ../../Libraries/STM32F30x_StdPeriph_Driver/src/stm32f30x_dac.o
DAC_WaveGenerationCmd                             ../../Libraries/STM32F30x_StdPeriph_Driver/src/stm32f30x_dac.o
DBGMCU_APB1PeriphConfig                           ../../Libraries/STM32F30x_StdPeriph_Driver/src/stm32f30x_dbgmcu.o
DBGMCU_APB2PeriphConfig                           ../../Libraries/STM32F30x_StdPeriph_Driver/src/stm32f30x_dbgmcu.o
DBGMCU_Config                                     ../../Libraries/STM32F30x_StdPeriph_Driver/src/stm32f30x_dbgmcu.o
DBGMCU_GetDEVID                                   ../../Libraries/STM32F30x_StdPeriph_Driver/src/stm32f30x_dbgmcu.o
DBGMCU_GetREVID                                   ../../Libraries/STM32F30x_StdPeriph_Driver/src/stm32f30x_dbgmcu.o
DMA1_Channel1_IRQHandler                          startup_stm32f30x.o
DMA1_Channel2_IRQHandler                          startup_stm32f30x.o
DMA1_Channel3_IRQHandler                          startup_stm32f30x.o
DMA1_Channel4_IRQHandler                          startup_stm32f30x.o
DMA1_Channel5_IRQHandler                          startup_stm32f30x.o
DMA1_Channel6_IRQHandler                          startup_stm32f30x.o
DMA1_Channel7_IRQHandler                          startup_stm32f30x.o
DMA2_Channel1_IRQHandler                          startup_stm32f30x.o
DMA2_Channel2_IRQHandler                          startup_stm32f30x.o
DMA2_Channel3_IRQHandler                          startup_stm32f30x.o
DMA2_Channel4_IRQHandler                          startup_stm32f30x.o
DMA2_Channel5_IRQHandler                          startup_stm32f30x.o
DMA_ClearFlag                                     ../../Libraries/STM32F30x_StdPeriph_Driver/src/stm32f30x_dma.o
DMA_ClearITPendingBit                             ../../Libraries/STM32F30x_StdPeriph_Driver/src/stm32f30x_dma.o
DMA_Cmd                                           ../../Libraries/STM32F30x_StdPeriph_Driver/src/stm32f30x_dma.o
DMA_DeInit                                        ../../Libraries/STM32F30x_StdPeriph_Driver/src/stm32f30x_dma.o
DMA_GetCurrDataCounter                            ../../Libraries/STM32F30x_StdPeriph_Driver/src/stm32f30x_dma.o
DMA_GetFlagStatus                                 ../../Libraries/STM32F30x_StdPeriph_Driver/src/stm32f30x_dma.o
DMA_GetITStatus                                   ../../Libraries/STM32F30x_StdPeriph_Driver/src/stm32f30x_dma.o
DMA_ITConfig                                      ../../Libraries/STM32F30x_StdPeriph_Driver/src/stm32f30x_dma.o
DMA_Init                                          ../../Libraries/STM32F30x_StdPeriph_Driver/src/stm32f30x_dma.o
DMA_SetCurrDataCounter                            ../../Libraries/STM32F30x_StdPeriph_Driver/src/stm32f30x_dma.o
DMA_StructInit                                    ../../Libraries/STM32F30x_StdPeriph_Driver/src/stm32f30x_dma.o
DebugMon_Handler                                  startup_stm32f30x.o
Default_Handler                                   startup_stm32f30x.o
EXTI0_IRQHandler                                  startup_stm32f30x.o
EXTI15_10_IRQHandler                              interrupt.o
EXTI1_IRQHandler                                  startup_stm32f30x.o
EXTI2_TS_IRQHandler                               startup_stm32f30x.o
EXTI3_IRQHandler                                  startup_stm32f30x.o
EXTI4_IRQHandler                                  startup_stm32f30x.o
EXTI9_5_IRQHandler                                startup_stm32f30x.o
EXTI_ClearFlag                                    ../../Libraries/STM32F30x_StdPeriph_Driver/src/stm32f30x_exti.o
                                                  interrupt.o
EXTI_ClearITPendingBit                            ../../Libraries/STM32F30x_StdPeriph_Driver/src/stm32f30x_exti.o
EXTI_DeInit                                       ../../Libraries/STM32F30x_StdPeriph_Driver/src/stm32f30x_exti.o
EXTI_GenerateSWInterrupt                          ../../Libraries/STM32F30x_StdPeriph_Driver/src/stm32f30x_exti.o
EXTI_GetFlagStatus                                ../../Libraries/STM32F30x_StdPeriph_Driver/src/stm32f30x_exti.o
                                                  interrupt.o
EXTI_GetITStatus                                  ../../Libraries/STM32F30x_StdPeriph_Driver/src/stm32f30x_exti.o
EXTI_Init                                         ../../Libraries/STM32F30x_StdPeriph_Driver/src/stm32f30x_exti.o
                                                  init.o
EXTI_StructInit                                   ../../Libraries/STM32F30x_StdPeriph_Driver/src/stm32f30x_exti.o
                                                  init.o
FLASH_ClearFlag                                   ../../Libraries/STM32F30x_StdPeriph_Driver/src/stm32f30x_flash.o
FLASH_EraseAllPages                               ../../Libraries/STM32F30x_StdPeriph_Driver/src/stm32f30x_flash.o
FLASH_ErasePage                                   ../../Libraries/STM32F30x_StdPeriph_Driver/src/stm32f30x_flash.o
FLASH_GetFlagStatus                               ../../Libraries/STM32F30x_StdPeriph_Driver/src/stm32f30x_flash.o
FLASH_GetStatus                                   ../../Libraries/STM32F30x_StdPeriph_Driver/src/stm32f30x_flash.o
FLASH_HalfCycleAccessCmd                          ../../Libraries/STM32F30x_StdPeriph_Driver/src/stm32f30x_flash.o
FLASH_IRQHandler                                  startup_stm32f30x.o
FLASH_ITConfig                                    ../../Libraries/STM32F30x_StdPeriph_Driver/src/stm32f30x_flash.o
FLASH_Lock                                        ../../Libraries/STM32F30x_StdPeriph_Driver/src/stm32f30x_flash.o
FLASH_OB_BOOTConfig                               ../../Libraries/STM32F30x_StdPeriph_Driver/src/stm32f30x_flash.o
FLASH_OB_EnableWRP                                ../../Libraries/STM32F30x_StdPeriph_Driver/src/stm32f30x_flash.o
FLASH_OB_Erase                                    ../../Libraries/STM32F30x_StdPeriph_Driver/src/stm32f30x_flash.o
FLASH_OB_GetRDP                                   ../../Libraries/STM32F30x_StdPeriph_Driver/src/stm32f30x_flash.o
FLASH_OB_GetUser                                  ../../Libraries/STM32F30x_StdPeriph_Driver/src/stm32f30x_flash.o
FLASH_OB_GetWRP                                   ../../Libraries/STM32F30x_StdPeriph_Driver/src/stm32f30x_flash.o
FLASH_OB_Launch                                   ../../Libraries/STM32F30x_StdPeriph_Driver/src/stm32f30x_flash.o
FLASH_OB_Lock                                     ../../Libraries/STM32F30x_StdPeriph_Driver/src/stm32f30x_flash.o
FLASH_OB_RDPConfig                                ../../Libraries/STM32F30x_StdPeriph_Driver/src/stm32f30x_flash.o
FLASH_OB_SRAMParityConfig                         ../../Libraries/STM32F30x_StdPeriph_Driver/src/stm32f30x_flash.o
FLASH_OB_Unlock                                   ../../Libraries/STM32F30x_StdPeriph_Driver/src/stm32f30x_flash.o
FLASH_OB_UserConfig                               ../../Libraries/STM32F30x_StdPeriph_Driver/src/stm32f30x_flash.o
FLASH_OB_VDDAConfig                               ../../Libraries/STM32F30x_StdPeriph_Driver/src/stm32f30x_flash.o
FLASH_OB_WriteUser                                ../../Libraries/STM32F30x_StdPeriph_Driver/src/stm32f30x_flash.o
FLASH_PrefetchBufferCmd                           ../../Libraries/STM32F30x_StdPeriph_Driver/src/stm32f30x_flash.o
FLASH_ProgramHalfWord                             ../../Libraries/STM32F30x_StdPeriph_Driver/src/stm32f30x_flash.o
FLASH_ProgramOptionByteData                       ../../Libraries/STM32F30x_StdPeriph_Driver/src/stm32f30x_flash.o
FLASH_ProgramWord                                 ../../Libraries/STM32F30x_StdPeriph_Driver/src/stm32f30x_flash.o
FLASH_SetLatency                                  ../../Libraries/STM32F30x_StdPeriph_Driver/src/stm32f30x_flash.o
FLASH_Unlock                                      ../../Libraries/STM32F30x_StdPeriph_Driver/src/stm32f30x_flash.o
FLASH_WaitForLastOperation                        ../../Libraries/STM32F30x_StdPeriph_Driver/src/stm32f30x_flash.o
FPU_IRQHandler                                    startup_stm32f30x.o
GPIO_DeInit                                       ../../Libraries/STM32F30x_StdPeriph_Driver/src/stm32f30x_gpio.o
GPIO_Init                                         ../../Libraries/STM32F30x_StdPeriph_Driver/src/stm32f30x_gpio.o
                                                  init.o
GPIO_PinAFConfig                                  ../../Libraries/STM32F30x_StdPeriph_Driver/src/stm32f30x_gpio.o
                                                  init.o
GPIO_PinLockConfig                                ../../Libraries/STM32F30x_StdPeriph_Driver/src/stm32f30x_gpio.o
GPIO_Pin_Init(GPIO_TypeDef*, unsigned long, GPIOMode_TypeDef, GPIOSpeed_TypeDef, GPIOOType_TypeDef, GPIOPuPd_TypeDef) init.o
GPIO_ReadInputData                                ../../Libraries/STM32F30x_StdPeriph_Driver/src/stm32f30x_gpio.o
GPIO_ReadInputDataBit                             ../../Libraries/STM32F30x_StdPeriph_Driver/src/stm32f30x_gpio.o
GPIO_ReadOutputData                               ../../Libraries/STM32F30x_StdPeriph_Driver/src/stm32f30x_gpio.o
GPIO_ReadOutputDataBit                            ../../Libraries/STM32F30x_StdPeriph_Driver/src/stm32f30x_gpio.o
GPIO_ResetBits                                    ../../Libraries/STM32F30x_StdPeriph_Driver/src/stm32f30x_gpio.o
                                                  main.o
GPIO_SetBits                                      ../../Libraries/STM32F30x_StdPeriph_Driver/src/stm32f30x_gpio.o
                                                  main.o
GPIO_StructInit                                   ../../Libraries/STM32F30x_StdPeriph_Driver/src/stm32f30x_gpio.o
GPIO_Write                                        ../../Libraries/STM32F30x_StdPeriph_Driver/src/stm32f30x_gpio.o
GPIO_WriteBit                                     ../../Libraries/STM32F30x_StdPeriph_Driver/src/stm32f30x_gpio.o
HRTIM_ADCTriggerConfig                            ../../Libraries/STM32F30x_StdPeriph_Driver/src/stm32f30x_hrtim.o
HRTIM_BurstDMAConfig                              ../../Libraries/STM32F30x_StdPeriph_Driver/src/stm32f30x_hrtim.o
HRTIM_BurstModeConfig                             ../../Libraries/STM32F30x_StdPeriph_Driver/src/stm32f30x_hrtim.o
HRTIM_BurstModeCtl                                ../../Libraries/STM32F30x_StdPeriph_Driver/src/stm32f30x_hrtim.o
HRTIM_ChopperModeConfig                           ../../Libraries/STM32F30x_StdPeriph_Driver/src/stm32f30x_hrtim.o
HRTIM_ClearCommonFlag                             ../../Libraries/STM32F30x_StdPeriph_Driver/src/stm32f30x_hrtim.o
HRTIM_ClearCommonITPendingBit                     ../../Libraries/STM32F30x_StdPeriph_Driver/src/stm32f30x_hrtim.o
HRTIM_ClearFlag                                   ../../Libraries/STM32F30x_StdPeriph_Driver/src/stm32f30x_hrtim.o
HRTIM_ClearITPendingBit                           ../../Libraries/STM32F30x_StdPeriph_Driver/src/stm32f30x_hrtim.o
HRTIM_DLLCalibrationStart                         ../../Libraries/STM32F30x_StdPeriph_Driver/src/stm32f30x_hrtim.o
HRTIM_DMACmd                                      ../../Libraries/STM32F30x_StdPeriph_Driver/src/stm32f30x_hrtim.o
HRTIM_DeInit                                      ../../Libraries/STM32F30x_StdPeriph_Driver/src/stm32f30x_hrtim.o
HRTIM_DeadTimeConfig                              ../../Libraries/STM32F30x_StdPeriph_Driver/src/stm32f30x_hrtim.o
HRTIM_EventConfig                                 ../../Libraries/STM32F30x_StdPeriph_Driver/src/stm32f30x_hrtim.o
HRTIM_EventPrescalerConfig                        ../../Libraries/STM32F30x_StdPeriph_Driver/src/stm32f30x_hrtim.o
HRTIM_FaultConfig                                 ../../Libraries/STM32F30x_StdPeriph_Driver/src/stm32f30x_hrtim.o
HRTIM_FaultModeCtl                                ../../Libraries/STM32F30x_StdPeriph_Driver/src/stm32f30x_hrtim.o
HRTIM_FaultPrescalerConfig                        ../../Libraries/STM32F30x_StdPeriph_Driver/src/stm32f30x_hrtim.o
HRTIM_GetBurstStatus                              ../../Libraries/STM32F30x_StdPeriph_Driver/src/stm32f30x_hrtim.o
HRTIM_GetCapturedValue                            ../../Libraries/STM32F30x_StdPeriph_Driver/src/stm32f30x_hrtim.o
HRTIM_GetCommonFlagStatus                         ../../Libraries/STM32F30x_StdPeriph_Driver/src/stm32f30x_hrtim.o
HRTIM_GetCommonITStatus                           ../../Libraries/STM32F30x_StdPeriph_Driver/src/stm32f30x_hrtim.o
HRTIM_GetCurrentPushPullStatus                    ../../Libraries/STM32F30x_StdPeriph_Driver/src/stm32f30x_hrtim.o
HRTIM_GetDelayedProtectionStatus                  ../../Libraries/STM32F30x_StdPeriph_Driver/src/stm32f30x_hrtim.o
HRTIM_GetFlagStatus                               ../../Libraries/STM32F30x_StdPeriph_Driver/src/stm32f30x_hrtim.o
HRTIM_GetITStatus                                 ../../Libraries/STM32F30x_StdPeriph_Driver/src/stm32f30x_hrtim.o
HRTIM_GetIdlePushPullStatus                       ../../Libraries/STM32F30x_StdPeriph_Driver/src/stm32f30x_hrtim.o
HRTIM_ITCommonConfig                              ../../Libraries/STM32F30x_StdPeriph_Driver/src/stm32f30x_hrtim.o
HRTIM_ITConfig                                    ../../Libraries/STM32F30x_StdPeriph_Driver/src/stm32f30x_hrtim.o
HRTIM_MasterSetCompare                            ../../Libraries/STM32F30x_StdPeriph_Driver/src/stm32f30x_hrtim.o
HRTIM_SimpleBaseStart                             ../../Libraries/STM32F30x_StdPeriph_Driver/src/stm32f30x_hrtim.o
HRTIM_SimpleBaseStop                              ../../Libraries/STM32F30x_StdPeriph_Driver/src/stm32f30x_hrtim.o
HRTIM_SimpleBase_Init                             ../../Libraries/STM32F30x_StdPeriph_Driver/src/stm32f30x_hrtim.o
HRTIM_SimpleCaptureChannelConfig                  ../../Libraries/STM32F30x_StdPeriph_Driver/src/stm32f30x_hrtim.o
HRTIM_SimpleCaptureStart                          ../../Libraries/STM32F30x_StdPeriph_Driver/src/stm32f30x_hrtim.o
HRTIM_SimpleCaptureStop                           ../../Libraries/STM32F30x_StdPeriph_Driver/src/stm32f30x_hrtim.o
HRTIM_SimpleCapture_Init                          ../../Libraries/STM32F30x_StdPeriph_Driver/src/stm32f30x_hrtim.o
HRTIM_SimpleOCChannelConfig                       ../../Libraries/STM32F30x_StdPeriph_Driver/src/stm32f30x_hrtim.o
HRTIM_SimpleOCStart                               ../../Libraries/STM32F30x_StdPeriph_Driver/src/stm32f30x_hrtim.o
HRTIM_SimpleOCStop                                ../../Libraries/STM32F30x_StdPeriph_Driver/src/stm32f30x_hrtim.o
HRTIM_SimpleOC_Init                               ../../Libraries/STM32F30x_StdPeriph_Driver/src/stm32f30x_hrtim.o
HRTIM_SimpleOnePulseChannelConfig                 ../../Libraries/STM32F30x_StdPeriph_Driver/src/stm32f30x_hrtim.o
HRTIM_SimpleOnePulseStart                         ../../Libraries/STM32F30x_StdPeriph_Driver/src/stm32f30x_hrtim.o
HRTIM_SimpleOnePulseStop                          ../../Libraries/STM32F30x_StdPeriph_Driver/src/stm32f30x_hrtim.o
HRTIM_SimpleOnePulse_Init                         ../../Libraries/STM32F30x_StdPeriph_Driver/src/stm32f30x_hrtim.o
HRTIM_SimplePWMChannelConfig                      ../../Libraries/STM32F30x_StdPeriph_Driver/src/stm32f30x_hrtim.o
HRTIM_SimplePWMStart                              ../../Libraries/STM32F30x_StdPeriph_Driver/src/stm32f30x_hrtim.o
HRTIM_SimplePWMStop                               ../../Libraries/STM32F30x_StdPeriph_Driver/src/stm32f30x_hrtim.o
HRTIM_SimplePWM_Init                              ../../Libraries/STM32F30x_StdPeriph_Driver/src/stm32f30x_hrtim.o
HRTIM_SlaveSetCompare                             ../../Libraries/STM32F30x_StdPeriph_Driver/src/stm32f30x_hrtim.o
HRTIM_SoftwareCapture                             ../../Libraries/STM32F30x_StdPeriph_Driver/src/stm32f30x_hrtim.o
HRTIM_SoftwareReset                               ../../Libraries/STM32F30x_StdPeriph_Driver/src/stm32f30x_hrtim.o
HRTIM_SoftwareUpdate                              ../../Libraries/STM32F30x_StdPeriph_Driver/src/stm32f30x_hrtim.o
HRTIM_SynchronizationConfig                       ../../Libraries/STM32F30x_StdPeriph_Driver/src/stm32f30x_hrtim.o
HRTIM_TimerEventFilteringConfig                   ../../Libraries/STM32F30x_StdPeriph_Driver/src/stm32f30x_hrtim.o
HRTIM_WaveformCaptureConfig                       ../../Libraries/STM32F30x_StdPeriph_Driver/src/stm32f30x_hrtim.o
HRTIM_WaveformCompareConfig                       ../../Libraries/STM32F30x_StdPeriph_Driver/src/stm32f30x_hrtim.o
HRTIM_WaveformCounterStart                        ../../Libraries/STM32F30x_StdPeriph_Driver/src/stm32f30x_hrtim.o
HRTIM_WaveformCounterStop                         ../../Libraries/STM32F30x_StdPeriph_Driver/src/stm32f30x_hrtim.o
HRTIM_WaveformGetOutputLevel                      ../../Libraries/STM32F30x_StdPeriph_Driver/src/stm32f30x_hrtim.o
HRTIM_WaveformGetOutputState                      ../../Libraries/STM32F30x_StdPeriph_Driver/src/stm32f30x_hrtim.o
HRTIM_WaveformOutputConfig                        ../../Libraries/STM32F30x_StdPeriph_Driver/src/stm32f30x_hrtim.o
HRTIM_WaveformOutputStart                         ../../Libraries/STM32F30x_StdPeriph_Driver/src/stm32f30x_hrtim.o
HRTIM_WaveformOutputStop                          ../../Libraries/STM32F30x_StdPeriph_Driver/src/stm32f30x_hrtim.o
HRTIM_WaveformSetOutputLevel                      ../../Libraries/STM32F30x_StdPeriph_Driver/src/stm32f30x_hrtim.o
HRTIM_WaveformTimerConfig                         ../../Libraries/STM32F30x_StdPeriph_Driver/src/stm32f30x_hrtim.o
HRTIM_Waveform_Init                               ../../Libraries/STM32F30x_StdPeriph_Driver/src/stm32f30x_hrtim.o
HardFault_Handler                                 interrupt.o
I2C1_ER_IRQHandler                                startup_stm32f30x.o
I2C1_EV_IRQHandler                                startup_stm32f30x.o
I2C2_ER_IRQHandler                                startup_stm32f30x.o
I2C2_EV_IRQHandler                                startup_stm32f30x.o
I2C_10BitAddressHeaderCmd                         ../../Libraries/STM32F30x_StdPeriph_Driver/src/stm32f30x_i2c.o
I2C_10BitAddressingModeCmd                        ../../Libraries/STM32F30x_StdPeriph_Driver/src/stm32f30x_i2c.o
I2C_AcknowledgeConfig                             ../../Libraries/STM32F30x_StdPeriph_Driver/src/stm32f30x_i2c.o
I2C_AutoEndCmd                                    ../../Libraries/STM32F30x_StdPeriph_Driver/src/stm32f30x_i2c.o
I2C_CalculatePEC                                  ../../Libraries/STM32F30x_StdPeriph_Driver/src/stm32f30x_i2c.o
I2C_ClearFlag                                     ../../Libraries/STM32F30x_StdPeriph_Driver/src/stm32f30x_i2c.o
I2C_ClearITPendingBit                             ../../Libraries/STM32F30x_StdPeriph_Driver/src/stm32f30x_i2c.o
I2C_ClockTimeoutCmd                               ../../Libraries/STM32F30x_StdPeriph_Driver/src/stm32f30x_i2c.o
I2C_Cmd                                           ../../Libraries/STM32F30x_StdPeriph_Driver/src/stm32f30x_i2c.o
I2C_DMACmd                                        ../../Libraries/STM32F30x_StdPeriph_Driver/src/stm32f30x_i2c.o
I2C_DeInit                                        ../../Libraries/STM32F30x_StdPeriph_Driver/src/stm32f30x_i2c.o
I2C_DualAddressCmd                                ../../Libraries/STM32F30x_StdPeriph_Driver/src/stm32f30x_i2c.o
I2C_ExtendedClockTimeoutCmd                       ../../Libraries/STM32F30x_StdPeriph_Driver/src/stm32f30x_i2c.o
I2C_GeneralCallCmd                                ../../Libraries/STM32F30x_StdPeriph_Driver/src/stm32f30x_i2c.o
I2C_GenerateSTART                                 ../../Libraries/STM32F30x_StdPeriph_Driver/src/stm32f30x_i2c.o
I2C_GenerateSTOP                                  ../../Libraries/STM32F30x_StdPeriph_Driver/src/stm32f30x_i2c.o
I2C_GetAddressMatched                             ../../Libraries/STM32F30x_StdPeriph_Driver/src/stm32f30x_i2c.o
I2C_GetFlagStatus                                 ../../Libraries/STM32F30x_StdPeriph_Driver/src/stm32f30x_i2c.o
I2C_GetITStatus                                   ../../Libraries/STM32F30x_StdPeriph_Driver/src/stm32f30x_i2c.o
I2C_GetPEC                                        ../../Libraries/STM32F30x_StdPeriph_Driver/src/stm32f30x_i2c.o
I2C_GetTransferDirection                          ../../Libraries/STM32F30x_StdPeriph_Driver/src/stm32f30x_i2c.o
I2C_ITConfig                                      ../../Libraries/STM32F30x_StdPeriph_Driver/src/stm32f30x_i2c.o
I2C_IdleClockTimeoutCmd                           ../../Libraries/STM32F30x_StdPeriph_Driver/src/stm32f30x_i2c.o
I2C_Init                                          ../../Libraries/STM32F30x_StdPeriph_Driver/src/stm32f30x_i2c.o
I2C_MasterRequestConfig                           ../../Libraries/STM32F30x_StdPeriph_Driver/src/stm32f30x_i2c.o
I2C_NumberOfBytesConfig                           ../../Libraries/STM32F30x_StdPeriph_Driver/src/stm32f30x_i2c.o
I2C_OwnAddress2Config                             ../../Libraries/STM32F30x_StdPeriph_Driver/src/stm32f30x_i2c.o
I2C_PECRequestCmd                                 ../../Libraries/STM32F30x_StdPeriph_Driver/src/stm32f30x_i2c.o
I2C_ReadRegister                                  ../../Libraries/STM32F30x_StdPeriph_Driver/src/stm32f30x_i2c.o
I2C_ReceiveData                                   ../../Libraries/STM32F30x_StdPeriph_Driver/src/stm32f30x_i2c.o
I2C_ReloadCmd                                     ../../Libraries/STM32F30x_StdPeriph_Driver/src/stm32f30x_i2c.o
I2C_SMBusAlertCmd                                 ../../Libraries/STM32F30x_StdPeriph_Driver/src/stm32f30x_i2c.o
I2C_SendData                                      ../../Libraries/STM32F30x_StdPeriph_Driver/src/stm32f30x_i2c.o
I2C_SlaveAddressConfig                            ../../Libraries/STM32F30x_StdPeriph_Driver/src/stm32f30x_i2c.o
I2C_SlaveByteControlCmd                           ../../Libraries/STM32F30x_StdPeriph_Driver/src/stm32f30x_i2c.o
I2C_SoftwareResetCmd                              ../../Libraries/STM32F30x_StdPeriph_Driver/src/stm32f30x_i2c.o
I2C_StopModeCmd                                   ../../Libraries/STM32F30x_StdPeriph_Driver/src/stm32f30x_i2c.o
I2C_StretchClockCmd                               ../../Libraries/STM32F30x_StdPeriph_Driver/src/stm32f30x_i2c.o
I2C_StructInit                                    ../../Libraries/STM32F30x_StdPeriph_Driver/src/stm32f30x_i2c.o
I2C_TimeoutAConfig                                ../../Libraries/STM32F30x_StdPeriph_Driver/src/stm32f30x_i2c.o
I2C_TimeoutBConfig                                ../../Libraries/STM32F30x_StdPeriph_Driver/src/stm32f30x_i2c.o
I2C_TransferHandling                              ../../Libraries/STM32F30x_StdPeriph_Driver/src/stm32f30x_i2c.o
I2S_Cmd                                           ../../Libraries/STM32F30x_StdPeriph_Driver/src/stm32f30x_spi.o
I2S_FullDuplexConfig                              ../../Libraries/STM32F30x_StdPeriph_Driver/src/stm32f30x_spi.o
I2S_Init                                          ../../Libraries/STM32F30x_StdPeriph_Driver/src/stm32f30x_spi.o
I2S_StructInit                                    ../../Libraries/STM32F30x_StdPeriph_Driver/src/stm32f30x_spi.o
IWDG_Enable                                       ../../Libraries/STM32F30x_StdPeriph_Driver/src/stm32f30x_iwdg.o
IWDG_GetFlagStatus                                ../../Libraries/STM32F30x_StdPeriph_Driver/src/stm32f30x_iwdg.o
IWDG_ReloadCounter                                ../../Libraries/STM32F30x_StdPeriph_Driver/src/stm32f30x_iwdg.o
IWDG_SetPrescaler                                 ../../Libraries/STM32F30x_StdPeriph_Driver/src/stm32f30x_iwdg.o
IWDG_SetReload                                    ../../Libraries/STM32F30x_StdPeriph_Driver/src/stm32f30x_iwdg.o
IWDG_SetWindowValue                               ../../Libraries/STM32F30x_StdPeriph_Driver/src/stm32f30x_iwdg.o
IWDG_WriteAccessCmd                               ../../Libraries/STM32F30x_StdPeriph_Driver/src/stm32f30x_iwdg.o
MemManage_Handler                                 startup_stm32f30x.o
Motor::Brake()                                    motor.o
Motor::ChangeRotationSpeed(signed char)           motor.o
NMI_Handler                                       interrupt.o
NVIC_Init                                         ../../Libraries/STM32F30x_StdPeriph_Driver/src/stm32f30x_misc.o
                                                  init.o
NVIC_PriorityGroupConfig                          ../../Libraries/STM32F30x_StdPeriph_Driver/src/stm32f30x_misc.o
NVIC_SetVectorTable                               ../../Libraries/STM32F30x_StdPeriph_Driver/src/stm32f30x_misc.o
NVIC_SystemLPConfig                               ../../Libraries/STM32F30x_StdPeriph_Driver/src/stm32f30x_misc.o
OPAMP_Cmd                                         ../../Libraries/STM32F30x_StdPeriph_Driver/src/stm32f30x_opamp.o
OPAMP_DeInit                                      ../../Libraries/STM32F30x_StdPeriph_Driver/src/stm32f30x_opamp.o
OPAMP_GetOutputLevel                              ../../Libraries/STM32F30x_StdPeriph_Driver/src/stm32f30x_opamp.o
OPAMP_Init                                        ../../Libraries/STM32F30x_StdPeriph_Driver/src/stm32f30x_opamp.o
OPAMP_LockConfig                                  ../../Libraries/STM32F30x_StdPeriph_Driver/src/stm32f30x_opamp.o
OPAMP_OffsetTrimConfig                            ../../Libraries/STM32F30x_StdPeriph_Driver/src/stm32f30x_opamp.o
OPAMP_OffsetTrimModeSelect                        ../../Libraries/STM32F30x_StdPeriph_Driver/src/stm32f30x_opamp.o
OPAMP_PGAConfig                                   ../../Libraries/STM32F30x_StdPeriph_Driver/src/stm32f30x_opamp.o
OPAMP_StartCalibration                            ../../Libraries/STM32F30x_StdPeriph_Driver/src/stm32f30x_opamp.o
OPAMP_StructInit                                  ../../Libraries/STM32F30x_StdPeriph_Driver/src/stm32f30x_opamp.o
OPAMP_TimerControlledMuxCmd                       ../../Libraries/STM32F30x_StdPeriph_Driver/src/stm32f30x_opamp.o
OPAMP_TimerControlledMuxConfig                    ../../Libraries/STM32F30x_StdPeriph_Driver/src/stm32f30x_opamp.o
OPAMP_VrefConfig                                  ../../Libraries/STM32F30x_StdPeriph_Driver/src/stm32f30x_opamp.o
OPAMP_VrefConnectADCCmd                           ../../Libraries/STM32F30x_StdPeriph_Driver/src/stm32f30x_opamp.o
OPAMP_VrefConnectNonInvertingInput                ../../Libraries/STM32F30x_StdPeriph_Driver/src/stm32f30x_opamp.o
PVD_IRQHandler                                    startup_stm32f30x.o
PWR_BackupAccessCmd                               ../../Libraries/STM32F30x_StdPeriph_Driver/src/stm32f30x_pwr.o
PWR_ClearFlag                                     ../../Libraries/STM32F30x_StdPeriph_Driver/src/stm32f30x_pwr.o
PWR_DeInit                                        ../../Libraries/STM32F30x_StdPeriph_Driver/src/stm32f30x_pwr.o
PWR_EnterSTANDBYMode                              ../../Libraries/STM32F30x_StdPeriph_Driver/src/stm32f30x_pwr.o
PWR_EnterSTOPMode                                 ../../Libraries/STM32F30x_StdPeriph_Driver/src/stm32f30x_pwr.o
PWR_EnterSleepMode                                ../../Libraries/STM32F30x_StdPeriph_Driver/src/stm32f30x_pwr.o
PWR_GetFlagStatus                                 ../../Libraries/STM32F30x_StdPeriph_Driver/src/stm32f30x_pwr.o
PWR_PVDCmd                                        ../../Libraries/STM32F30x_StdPeriph_Driver/src/stm32f30x_pwr.o
PWR_PVDLevelConfig                                ../../Libraries/STM32F30x_StdPeriph_Driver/src/stm32f30x_pwr.o
PWR_WakeUpPinCmd                                  ../../Libraries/STM32F30x_StdPeriph_Driver/src/stm32f30x_pwr.o
PendSV_Handler                                    interrupt.o
PeripheralInit::EnableCOMP1()                     init.o
PeripheralInit::InitADC1()                        init.o
PeripheralInit::InitCOMP1(PeripheralInit::Comp1InvInp, PeripheralInit::CompOutPol, PeripheralInit::CompMode) init.o
PeripheralInit::InitClock()                       init.o
PeripheralInit::InitEXTI()                        init.o
                                                  main.o
PeripheralInit::InitGPIO()                        init.o
                                                  main.o
PeripheralInit::InitNVIC()                        init.o
                                                  main.o
PeripheralInit::InitTIM1()                        init.o
                                                  main.o
PeripheralInit::InitUSART2()                      init.o
                                                  main.o
RCC_ADCCLKConfig                                  ../../Libraries/STM32F30x_StdPeriph_Driver/src/stm32f30x_rcc.o
                                                  init.o
RCC_AHBPeriphClockCmd                             ../../Libraries/STM32F30x_StdPeriph_Driver/src/stm32f30x_rcc.o
                                                  init.o
RCC_AHBPeriphResetCmd                             ../../Libraries/STM32F30x_StdPeriph_Driver/src/stm32f30x_rcc.o
                                                  ../../Libraries/STM32F30x_StdPeriph_Driver/src/stm32f30x_gpio.o
                                                  ../../Libraries/STM32F30x_StdPeriph_Driver/src/stm32f30x_adc.o
RCC_APB1PeriphClockCmd                            ../../Libraries/STM32F30x_StdPeriph_Driver/src/stm32f30x_rcc.o
                                                  init.o
RCC_APB1PeriphResetCmd                            ../../Libraries/STM32F30x_StdPeriph_Driver/src/stm32f30x_rcc.o
                                                  ../../Libraries/STM32F30x_StdPeriph_Driver/src/stm32f30x_wwdg.o
                                                  ../../Libraries/STM32F30x_StdPeriph_Driver/src/stm32f30x_usart.o
                                                  ../../Libraries/STM32F30x_StdPeriph_Driver/src/stm32f30x_tim.o
                                                  ../../Libraries/STM32F30x_StdPeriph_Driver/src/stm32f30x_spi.o
                                                  ../../Libraries/STM32F30x_StdPeriph_Driver/src/stm32f30x_pwr.o
                                                  ../../Libraries/STM32F30x_StdPeriph_Driver/src/stm32f30x_i2c.o
                                                  ../../Libraries/STM32F30x_StdPeriph_Driver/src/stm32f30x_dac.o
                                                  ../../Libraries/STM32F30x_StdPeriph_Driver/src/stm32f30x_can.o
RCC_APB2PeriphClockCmd                            ../../Libraries/STM32F30x_StdPeriph_Driver/src/stm32f30x_rcc.o
                                                  init.o
RCC_APB2PeriphResetCmd                            ../../Libraries/STM32F30x_StdPeriph_Driver/src/stm32f30x_rcc.o
                                                  ../../Libraries/STM32F30x_StdPeriph_Driver/src/stm32f30x_usart.o
                                                  ../../Libraries/STM32F30x_StdPeriph_Driver/src/stm32f30x_tim.o
                                                  ../../Libraries/STM32F30x_StdPeriph_Driver/src/stm32f30x_spi.o
                                                  ../../Libraries/STM32F30x_StdPeriph_Driver/src/stm32f30x_hrtim.o
RCC_AdjustHSICalibrationValue                     ../../Libraries/STM32F30x_StdPeriph_Driver/src/stm32f30x_rcc.o
RCC_BackupResetCmd                                ../../Libraries/STM32F30x_StdPeriph_Driver/src/stm32f30x_rcc.o
RCC_ClearFlag                                     ../../Libraries/STM32F30x_StdPeriph_Driver/src/stm32f30x_rcc.o
RCC_ClearITPendingBit                             ../../Libraries/STM32F30x_StdPeriph_Driver/src/stm32f30x_rcc.o
RCC_ClockSecuritySystemCmd                        ../../Libraries/STM32F30x_StdPeriph_Driver/src/stm32f30x_rcc.o
RCC_DeInit                                        ../../Libraries/STM32F30x_StdPeriph_Driver/src/stm32f30x_rcc.o
RCC_GetClocksFreq                                 ../../Libraries/STM32F30x_StdPeriph_Driver/src/stm32f30x_rcc.o
                                                  ../../Libraries/STM32F30x_StdPeriph_Driver/src/stm32f30x_usart.o
                                                  ../../Libraries/STM32F30x_StdPeriph_Driver/src/stm32f30x_spi.o
RCC_GetFlagStatus                                 ../../Libraries/STM32F30x_StdPeriph_Driver/src/stm32f30x_rcc.o
RCC_GetITStatus                                   ../../Libraries/STM32F30x_StdPeriph_Driver/src/stm32f30x_rcc.o
RCC_GetSYSCLKSource                               ../../Libraries/STM32F30x_StdPeriph_Driver/src/stm32f30x_rcc.o
RCC_HCLKConfig                                    ../../Libraries/STM32F30x_StdPeriph_Driver/src/stm32f30x_rcc.o
RCC_HRTIM1CLKConfig                               ../../Libraries/STM32F30x_StdPeriph_Driver/src/stm32f30x_rcc.o
RCC_HSEConfig                                     ../../Libraries/STM32F30x_StdPeriph_Driver/src/stm32f30x_rcc.o
RCC_HSICmd                                        ../../Libraries/STM32F30x_StdPeriph_Driver/src/stm32f30x_rcc.o
RCC_I2CCLKConfig                                  ../../Libraries/STM32F30x_StdPeriph_Driver/src/stm32f30x_rcc.o
RCC_I2SCLKConfig                                  ../../Libraries/STM32F30x_StdPeriph_Driver/src/stm32f30x_rcc.o
RCC_IRQHandler                                    startup_stm32f30x.o
RCC_ITConfig                                      ../../Libraries/STM32F30x_StdPeriph_Driver/src/stm32f30x_rcc.o
RCC_LSEConfig                                     ../../Libraries/STM32F30x_StdPeriph_Driver/src/stm32f30x_rcc.o
RCC_LSEDriveConfig                                ../../Libraries/STM32F30x_StdPeriph_Driver/src/stm32f30x_rcc.o
RCC_LSICmd                                        ../../Libraries/STM32F30x_StdPeriph_Driver/src/stm32f30x_rcc.o
RCC_MCOConfig                                     ../../Libraries/STM32F30x_StdPeriph_Driver/src/stm32f30x_rcc.o
RCC_PCLK1Config                                   ../../Libraries/STM32F30x_StdPeriph_Driver/src/stm32f30x_rcc.o
RCC_PCLK2Config                                   ../../Libraries/STM32F30x_StdPeriph_Driver/src/stm32f30x_rcc.o
RCC_PLLCmd                                        ../../Libraries/STM32F30x_StdPeriph_Driver/src/stm32f30x_rcc.o
RCC_PLLConfig                                     ../../Libraries/STM32F30x_StdPeriph_Driver/src/stm32f30x_rcc.o
RCC_PREDIV1Config                                 ../../Libraries/STM32F30x_StdPeriph_Driver/src/stm32f30x_rcc.o
RCC_RTCCLKCmd                                     ../../Libraries/STM32F30x_StdPeriph_Driver/src/stm32f30x_rcc.o
RCC_RTCCLKConfig                                  ../../Libraries/STM32F30x_StdPeriph_Driver/src/stm32f30x_rcc.o
RCC_SYSCLKConfig                                  ../../Libraries/STM32F30x_StdPeriph_Driver/src/stm32f30x_rcc.o
RCC_TIMCLKConfig                                  ../../Libraries/STM32F30x_StdPeriph_Driver/src/stm32f30x_rcc.o
RCC_USARTCLKConfig                                ../../Libraries/STM32F30x_StdPeriph_Driver/src/stm32f30x_rcc.o
RCC_USBCLKConfig                                  ../../Libraries/STM32F30x_StdPeriph_Driver/src/stm32f30x_rcc.o
RCC_WaitForHSEStartUp                             ../../Libraries/STM32F30x_StdPeriph_Driver/src/stm32f30x_rcc.o
RTC_AlarmCmd                                      ../../Libraries/STM32F30x_StdPeriph_Driver/src/stm32f30x_rtc.o
RTC_AlarmStructInit                               ../../Libraries/STM32F30x_StdPeriph_Driver/src/stm32f30x_rtc.o
RTC_AlarmSubSecondConfig                          ../../Libraries/STM32F30x_StdPeriph_Driver/src/stm32f30x_rtc.o
RTC_Alarm_IRQHandler                              startup_stm32f30x.o
RTC_BypassShadowCmd                               ../../Libraries/STM32F30x_StdPeriph_Driver/src/stm32f30x_rtc.o
RTC_CalibOutputCmd                                ../../Libraries/STM32F30x_StdPeriph_Driver/src/stm32f30x_rtc.o
RTC_CalibOutputConfig                             ../../Libraries/STM32F30x_StdPeriph_Driver/src/stm32f30x_rtc.o
RTC_ClearFlag                                     ../../Libraries/STM32F30x_StdPeriph_Driver/src/stm32f30x_rtc.o
RTC_ClearITPendingBit                             ../../Libraries/STM32F30x_StdPeriph_Driver/src/stm32f30x_rtc.o
RTC_DateStructInit                                ../../Libraries/STM32F30x_StdPeriph_Driver/src/stm32f30x_rtc.o
RTC_DayLightSavingConfig                          ../../Libraries/STM32F30x_StdPeriph_Driver/src/stm32f30x_rtc.o
RTC_DeInit                                        ../../Libraries/STM32F30x_StdPeriph_Driver/src/stm32f30x_rtc.o
RTC_EnterInitMode                                 ../../Libraries/STM32F30x_StdPeriph_Driver/src/stm32f30x_rtc.o
RTC_ExitInitMode                                  ../../Libraries/STM32F30x_StdPeriph_Driver/src/stm32f30x_rtc.o
RTC_GetAlarm                                      ../../Libraries/STM32F30x_StdPeriph_Driver/src/stm32f30x_rtc.o
RTC_GetAlarmSubSecond                             ../../Libraries/STM32F30x_StdPeriph_Driver/src/stm32f30x_rtc.o